../../Drivers/STM32F4xx_HAL_Driver/Inc/stm32f4xx_ll_usart.h:410:22:LL_USART_Enable	1
../../Drivers/STM32F4xx_HAL_Driver/Inc/stm32f4xx_ll_usart.h:1479:22:LL_USART_ConfigAsyncMode	1
../../Drivers/STM32F4xx_HAL_Driver/Inc/stm32f4xx_ll_bus.h:409:22:LL_AHB1_GRP1_EnableClock	1
../../Drivers/STM32F4xx_HAL_Driver/Inc/stm32f4xx_ll_bus.h:1185:22:LL_APB1_GRP1_EnableClock	1
C:/Users/montanab/Inpser/LabOpenBoot/Core/Src/main.c:67:5:main	1
C:/Users/montanab/Inpser/LabOpenBoot/Core/Src/main.c:114:6:SystemClock_Config	3
C:/Users/montanab/Inpser/LabOpenBoot/Core/Src/main.c:162:13:MX_IWDG_Init	2
C:/Users/montanab/Inpser/LabOpenBoot/Core/Src/main.c:190:13:MX_USART2_UART_Init	1
C:/Users/montanab/Inpser/LabOpenBoot/Core/Src/main.c:241:13:MX_GPIO_Init	1
C:/Users/montanab/Inpser/LabOpenBoot/Core/Src/main.c:263:6:Error_Handler	1
