C:/Users/montanab/Inpser/LabAIHAR/Core/Src/main.c:69:5:main	24	static
C:/Users/montanab/Inpser/LabAIHAR/Core/Src/main.c:121:6:SystemClock_Config	96	static
C:/Users/montanab/Inpser/LabAIHAR/Core/Src/main.c:172:13:MX_USART1_UART_Init	8	static
C:/Users/montanab/Inpser/LabAIHAR/Core/Src/main.c:207:13:MX_GPIO_Init	40	static
C:/Users/montanab/Inpser/LabAIHAR/Core/Src/main.c:234:13:MEMS_Init	48	static
C:/Users/montanab/Inpser/LabAIHAR/Core/Src/main.c:270:6:HAL_GPIO_EXTI_Callback	16	static
C:/Users/montanab/Inpser/LabAIHAR/Core/Src/main.c:277:5:_write	24	static
C:/Users/montanab/Inpser/LabAIHAR/Core/Src/main.c:288:6:Error_Handler	4	static,ignoring_inline_asm
