Archive member included to satisfy reference by file (symbol)

../../Middlewares/ST/AI/Lib\NetworkRuntime1020_CM4_GCC.a(ai_platform.o)
                              ./Application/User/X-CUBE-AI/App/network.o (ai_buffer_array_item_set_address)
../../Middlewares/ST/AI/Lib\NetworkRuntime1020_CM4_GCC.a(ai_platform_interface.o)
                              ./Application/User/X-CUBE-AI/App/network.o (ai_platform_get_weights_map)
../../Middlewares/ST/AI/Lib\NetworkRuntime1020_CM4_GCC.a(core_common.o)
                              ../../Middlewares/ST/AI/Lib\NetworkRuntime1020_CM4_GCC.a(ai_platform_interface.o) (core_init)
../../Middlewares/ST/AI/Lib\NetworkRuntime1020_CM4_GCC.a(core_mem_manager.o)
                              ../../Middlewares/ST/AI/Lib\NetworkRuntime1020_CM4_GCC.a(ai_platform_interface.o) (core_mem_alloc)
../../Middlewares/ST/AI/Lib\NetworkRuntime1020_CM4_GCC.a(layers.o)
                              ../../Middlewares/ST/AI/Lib\NetworkRuntime1020_CM4_GCC.a(ai_platform_interface.o) (ai_check_custom_types)
../../Middlewares/ST/AI/Lib\NetworkRuntime1020_CM4_GCC.a(layers_conv2d_generic_float.o)
                              ./Application/User/X-CUBE-AI/App/network.o (forward_conv2d_if32of32wf32)
../../Middlewares/ST/AI/Lib\NetworkRuntime1020_CM4_GCC.a(layers_nl_generic_float.o)
                              ./Application/User/X-CUBE-AI/App/network.o (forward_relu)
../../Middlewares/ST/AI/Lib\NetworkRuntime1020_CM4_GCC.a(layers_conv2d_integer_scratch.o)
                              ../../Middlewares/ST/AI/Lib\NetworkRuntime1020_CM4_GCC.a(layers.o) (get_dense_scratch_size_s8)
../../Middlewares/ST/AI/Lib\NetworkRuntime1020_CM4_GCC.a(forward_lite_conv2d_if32of32wf32.o)
                              ../../Middlewares/ST/AI/Lib\NetworkRuntime1020_CM4_GCC.a(layers_conv2d_generic_float.o) (forward_lite_conv2d_if32of32wf32)
../../Middlewares/ST/AI/Lib\NetworkRuntime1020_CM4_GCC.a(lite_nl_softmax_if32of32.o)
                              ../../Middlewares/ST/AI/Lib\NetworkRuntime1020_CM4_GCC.a(layers_nl_generic_float.o) (forward_lite_nl_softmax_if32of32_kernel)
../../Middlewares/ST/AI/Lib\NetworkRuntime1020_CM4_GCC.a(lite_nl_relu_if32of32.o)
                              ../../Middlewares/ST/AI/Lib\NetworkRuntime1020_CM4_GCC.a(layers_nl_generic_float.o) (forward_lite_nl_prelu_if32of32_kernel)
../../Middlewares/ST/AI/Lib\NetworkRuntime1020_CM4_GCC.a(lite_dense_if32.o)
                              ../../Middlewares/ST/AI/Lib\NetworkRuntime1020_CM4_GCC.a(layers_conv2d_generic_float.o) (lite_decompress_ilutof32)
../../Middlewares/ST/AI/Lib\NetworkRuntime1020_CM4_GCC.a(lite_nl_generic_float.o)
                              ../../Middlewares/ST/AI/Lib\NetworkRuntime1020_CM4_GCC.a(layers_nl_generic_float.o) (forward_lite_nl_softmax_if32of32)
../../Middlewares/ST/AI/Lib\NetworkRuntime1020_CM4_GCC.a(st_int8_fill.o)
                              ../../Middlewares/ST/AI/Lib\NetworkRuntime1020_CM4_GCC.a(ai_platform_interface.o) (st_int8_copy)
../../Middlewares/ST/AI/Lib\NetworkRuntime1020_CM4_GCC.a(ai_math_helpers.o)
                              ../../Middlewares/ST/AI/Lib\NetworkRuntime1020_CM4_GCC.a(layers_nl_generic_float.o) (ai_math_sqrt)
../../Middlewares/ST/AI/Lib\NetworkRuntime1020_CM4_GCC.a(ai_datatypes_format.o)
                              ../../Middlewares/ST/AI/Lib\NetworkRuntime1020_CM4_GCC.a(ai_platform_interface.o) (ai_array_to_buffer_fmt)
../../Middlewares/ST/AI/Lib\NetworkRuntime1020_CM4_GCC.a(ai_datatypes_internal.o)
                              ../../Middlewares/ST/AI/Lib\NetworkRuntime1020_CM4_GCC.a(ai_platform_interface.o) (ai_version_get)
../../Middlewares/ST/AI/Lib\NetworkRuntime1020_CM4_GCC.a(ai_math_elementwise_mul_int8.o)
                              ../../Middlewares/ST/AI/Lib\NetworkRuntime1020_CM4_GCC.a(ai_math_helpers.o) (ai_math_elementwise_mul_int8)
../../Middlewares/ST/AI/Lib\NetworkRuntime1020_CM4_GCC.a(ai_math_elementwise_sum_int8.o)
                              ../../Middlewares/ST/AI/Lib\NetworkRuntime1020_CM4_GCC.a(ai_math_helpers.o) (ai_math_elementwise_sum_int8)
../../Middlewares/ST/AI/Lib\NetworkRuntime1020_CM4_GCC.a(st_align_factor.o)
                              ../../Middlewares/ST/AI/Lib\NetworkRuntime1020_CM4_GCC.a(ai_math_helpers.o) (align_factor)
C:/ST/STM32CubeIDE_2.2.0/STM32CubeIDE/plugins/com.st.stm32cube.ide.mcu.externaltools.gnu-tools-for-stm32.14.3.rel1.win32_1.0.100.202602081740/tools/bin/../lib/gcc/arm-none-eabi/14.3.1/../../../../arm-none-eabi/lib/thumb/v7e-m+fp/hard\libc_nano.a(libc_a-exit.o)
                              C:/ST/STM32CubeIDE_2.2.0/STM32CubeIDE/plugins/com.st.stm32cube.ide.mcu.externaltools.gnu-tools-for-stm32.14.3.rel1.win32_1.0.100.202602081740/tools/bin/../lib/gcc/arm-none-eabi/14.3.1/../../../../arm-none-eabi/lib/thumb/v7e-m+fp/hard/crt0.o (exit)
[...]
Memory Configuration

Name             Origin             Length             Attributes
RAM              0x20000000         0x00018000         xrw
RAM2             0x10000000         0x00008000         xrw
FLASH            0x08000000         0x00100000         xr
*default*        0x00000000         0xffffffff

Linker script and memory map

LOAD C:/ST/STM32CubeIDE_2.2.0/STM32CubeIDE/plugins/com.st.stm32cube.ide.mcu.externaltools.gnu-tools-for-stm32.14.3.rel1.win32_1.0.100.202602081740/tools/bin/../lib/gcc/arm-none-eabi/14.3.1/thumb/v7e-m+fp/hard/crti.o
LOAD C:/ST/STM32CubeIDE_2.2.0/STM32CubeIDE/plugins/com.st.stm32cube.ide.mcu.externaltools.gnu-tools-for-stm32.14.3.rel1.win32_1.0.100.202602081740/tools/bin/../lib/gcc/arm-none-eabi/14.3.1/thumb/v7e-m+fp/hard/crtbegin.o
LOAD C:/ST/STM32CubeIDE_2.2.0/STM32CubeIDE/plugins/com.st.stm32cube.ide.mcu.externaltools.gnu-tools-for-stm32.14.3.rel1.win32_1.0.100.202602081740/tools/bin/../lib/gcc/arm-none-eabi/14.3.1/../../../../arm-none-eabi/lib/thumb/v7e-m+fp/hard/crt0.o
LOAD ./Application/User/Core/custom_bus.o
LOAD ./Application/User/Core/main.o
LOAD ./Application/User/Core/stm32l4xx_hal_msp.o
LOAD ./Application/User/Core/stm32l4xx_it.o
LOAD ./Application/User/Core/syscalls.o
LOAD ./Application/User/Core/sysmem.o
LOAD ./Application/User/Startup/startup_stm32l475vgtx.o
LOAD ./Application/User/X-CUBE-AI/App/network.o
LOAD ./Application/User/X-CUBE-AI/App/network_data.o
LOAD ./Application/User/X-CUBE-AI/App/network_data_params.o
LOAD ./Drivers/BSP/Components/lsm6dsl.o
LOAD ./Drivers/BSP/Components/lsm6dsl_reg.o
LOAD ./Drivers/CMSIS/system_stm32l4xx.o
LOAD ./Drivers/STM32L4xx_HAL_Driver/stm32l4xx_hal.o
LOAD ./Drivers/STM32L4xx_HAL_Driver/stm32l4xx_hal_cortex.o
LOAD ./Drivers/STM32L4xx_HAL_Driver/stm32l4xx_hal_dma.o
LOAD ./Drivers/STM32L4xx_HAL_Driver/stm32l4xx_hal_dma_ex.o
LOAD ./Drivers/STM32L4xx_HAL_Driver/stm32l4xx_hal_exti.o
LOAD ./Drivers/STM32L4xx_HAL_Driver/stm32l4xx_hal_flash.o
LOAD ./Drivers/STM32L4xx_HAL_Driver/stm32l4xx_hal_flash_ex.o
LOAD ./Drivers/STM32L4xx_HAL_Driver/stm32l4xx_hal_flash_ramfunc.o
LOAD ./Drivers/STM32L4xx_HAL_Driver/stm32l4xx_hal_gpio.o
LOAD ./Drivers/STM32L4xx_HAL_Driver/stm32l4xx_hal_i2c.o
LOAD ./Drivers/STM32L4xx_HAL_Driver/stm32l4xx_hal_i2c_ex.o
LOAD ./Drivers/STM32L4xx_HAL_Driver/stm32l4xx_hal_pwr.o
LOAD ./Drivers/STM32L4xx_HAL_Driver/stm32l4xx_hal_pwr_ex.o
LOAD ./Drivers/STM32L4xx_HAL_Driver/stm32l4xx_hal_rcc.o
LOAD ./Drivers/STM32L4xx_HAL_Driver/stm32l4xx_hal_rcc_ex.o
LOAD ./Drivers/STM32L4xx_HAL_Driver/stm32l4xx_hal_uart.o
LOAD ./Drivers/STM32L4xx_HAL_Driver/stm32l4xx_hal_uart_ex.o
LOAD ../../Middlewares/ST/AI/Lib\NetworkRuntime1020_CM4_GCC.a
START GROUP
LOAD C:/ST/STM32CubeIDE_2.2.0/STM32CubeIDE/plugins/com.st.stm32cube.ide.mcu.externaltools.gnu-tools-for-stm32.14.3.rel1.win32_1.0.100.202602081740/tools/bin/../lib/gcc/arm-none-eabi/14.3.1/../../../../arm-none-eabi/lib/thumb/v7e-m+fp/hard\libc_nano.a
LOAD C:/ST/STM32CubeIDE_2.2.0/STM32CubeIDE/plugins/com.st.stm32cube.ide.mcu.externaltools.gnu-tools-for-stm32.14.3.rel1.win32_1.0.100.202602081740/tools/bin/../lib/gcc/arm-none-eabi/14.3.1/../../../../arm-none-eabi/lib/thumb/v7e-m+fp/hard\libm.a
END GROUP
START GROUP
LOAD C:/ST/STM32CubeIDE_2.2.0/STM32CubeIDE/plugins/com.st.stm32cube.ide.mcu.externaltools.gnu-tools-for-stm32.14.3.rel1.win32_1.0.100.202602081740/tools/bin/../lib/gcc/arm-none-eabi/14.3.1/thumb/v7e-m+fp/hard\libgcc.a
LOAD C:/ST/STM32CubeIDE_2.2.0/STM32CubeIDE/plugins/com.st.stm32cube.ide.mcu.externaltools.gnu-tools-for-stm32.14.3.rel1.win32_1.0.100.202602081740/tools/bin/../lib/gcc/arm-none-eabi/14.3.1/../../../../arm-none-eabi/lib/thumb/v7e-m+fp/hard\libc_nano.a
END GROUP
START GROUP
LOAD C:/ST/STM32CubeIDE_2.2.0/STM32CubeIDE/plugins/com.st.stm32cube.ide.mcu.externaltools.gnu-tools-for-stm32.14.3.rel1.win32_1.0.100.202602081740/tools/bin/../lib/gcc/arm-none-eabi/14.3.1/thumb/v7e-m+fp/hard\libgcc.a
LOAD C:/ST/STM32CubeIDE_2.2.0/STM32CubeIDE/plugins/com.st.stm32cube.ide.mcu.externaltools.gnu-tools-for-stm32.14.3.rel1.win32_1.0.100.202602081740/tools/bin/../lib/gcc/arm-none-eabi/14.3.1/../../../../arm-none-eabi/lib/thumb/v7e-m+fp/hard\libc_nano.a
LOAD C:/ST/STM32CubeIDE_2.2.0/STM32CubeIDE/plugins/com.st.stm32cube.ide.mcu.externaltools.gnu-tools-for-stm32.14.3.rel1.win32_1.0.100.202602081740/tools/bin/../lib/gcc/arm-none-eabi/14.3.1/../../../../arm-none-eabi/lib/thumb/v7e-m+fp/hard\libnosys.a
END GROUP
START GROUP
LOAD C:/ST/STM32CubeIDE_2.2.0/STM32CubeIDE/plugins/com.st.stm32cube.ide.mcu.externaltools.gnu-tools-for-stm32.14.3.rel1.win32_1.0.100.202602081740/tools/bin/../lib/gcc/arm-none-eabi/14.3.1/thumb/v7e-m+fp/hard\libgcc.a
LOAD C:/ST/STM32CubeIDE_2.2.0/STM32CubeIDE/plugins/com.st.stm32cube.ide.mcu.externaltools.gnu-tools-for-stm32.14.3.rel1.win32_1.0.100.202602081740/tools/bin/../lib/gcc/arm-none-eabi/14.3.1/../../../../arm-none-eabi/lib/thumb/v7e-m+fp/hard\libc_nano.a
LOAD C:/ST/STM32CubeIDE_2.2.0/STM32CubeIDE/plugins/com.st.stm32cube.ide.mcu.externaltools.gnu-tools-for-stm32.14.3.rel1.win32_1.0.100.202602081740/tools/bin/../lib/gcc/arm-none-eabi/14.3.1/../../../../arm-none-eabi/lib/thumb/v7e-m+fp/hard\libnosys.a
END GROUP
LOAD C:/ST/STM32CubeIDE_2.2.0/STM32CubeIDE/plugins/com.st.stm32cube.ide.mcu.externaltools.gnu-tools-for-stm32.14.3.rel1.win32_1.0.100.202602081740/tools/bin/../lib/gcc/arm-none-eabi/14.3.1/thumb/v7e-m+fp/hard/crtend.o
LOAD C:/ST/STM32CubeIDE_2.2.0/STM32CubeIDE/plugins/com.st.stm32cube.ide.mcu.externaltools.gnu-tools-for-stm32.14.3.rel1.win32_1.0.100.202602081740/tools/bin/../lib/gcc/arm-none-eabi/14.3.1/thumb/v7e-m+fp/hard/crtn.o
                0x20018000                        _estack = (ORIGIN (RAM) + LENGTH (RAM))
                0x00000800                        _Min_Heap_Size = 0x800
                0x00000800                        _Min_Stack_Size = 0x800

.isr_vector     0x08000000      0x188
                0x08000000                        . = ALIGN (0x4)
 *(.isr_vector)
 .isr_vector    0x08000000      0x188 ./Application/User/Startup/startup_stm32l475vgtx.o
                0x08000000                g_pfnVectors
                0x08000188                        . = ALIGN (0x4)

.text           0x08000190     0xb4cc
                0x08000190                        . = ALIGN (0x4)
 *(.text)
 .text          0x08000190       0x40 C:/ST/STM32CubeIDE_2.2.0/STM32CubeIDE/plugins/com.st.stm32cube.ide.mcu.externaltools.gnu-tools-for-stm32.14.3.rel1.win32_1.0.100.202602081740/tools/bin/../lib/gcc/arm-none-eabi/14.3.1/thumb/v7e-m+fp/hard/crtbegin.o
 .text          0x080001d0       0xa0 C:/ST/STM32CubeIDE_2.2.0/STM32CubeIDE/plugins/com.st.stm32cube.ide.mcu.externaltools.gnu-tools-for-stm32.14.3.rel1.win32_1.0.100.202602081740/tools/bin/../lib/gcc/arm-none-eabi/14.3.1/../../../../arm-none-eabi/lib/thumb/v7e-m+fp/hard\libc_nano.a(libc_a-memchr.o)
                0x080001d0                memchr
 .text          0x08000270       0x10 C:/ST/STM32CubeIDE_2.2.0/STM32CubeIDE/plugins/com.st.stm32cube.ide.mcu.externaltools.gnu-tools-for-stm32.14.3.rel1.win32_1.0.100.202602081740/tools/bin/../lib/gcc/arm-none-eabi/14.3.1/../../../../arm-none-eabi/lib/thumb/v7e-m+fp/hard\libc_nano.a(libc_a-strlen.o)
                0x08000270                strlen
 .text          0x08000280      0x378 C:/ST/STM32CubeIDE_2.2.0/STM32CubeIDE/plugins/com.st.stm32cube.ide.mcu.externaltools.gnu-tools-for-stm32.14.3.rel1.win32_1.0.100.202602081740/tools/bin/../lib/gcc/arm-none-eabi/14.3.1/thumb/v7e-m+fp/hard\libgcc.a(_arm_addsubdf3.o)
                0x08000280                __aeabi_drsub
                0x08000288                __aeabi_dsub
                0x08000288                __subdf3
                0x0800028c                __aeabi_dadd
                0x0800028c                __adddf3
                0x08000504                __floatunsidf
                0x08000504                __aeabi_ui2d
                0x08000524                __floatsidf
                0x08000524                __aeabi_i2d
                0x08000548                __aeabi_f2d
                0x08000548                __extendsfdf2
                0x0800058c                __floatundidf
                0x0800058c                __aeabi_ul2d
                0x0800059c                __floatdidf
                0x0800059c                __aeabi_l2d
 .text          0x080005f8      0x424 C:/ST/STM32CubeIDE_2.2.0/STM32CubeIDE/plugins/com.st.stm32cube.ide.mcu.externaltools.gnu-tools-for-stm32.14.3.rel1.win32_1.0.100.202602081740/tools/bin/../lib/gcc/arm-none-eabi/14.3.1/thumb/v7e-m+fp/hard\libgcc.a(_arm_muldivdf3.o)
                0x080005f8                __aeabi_dmul
                0x080005f8                __muldf3
                0x0800084c                __divdf3
                0x0800084c                __aeabi_ddiv
 .text          0x08000a1c      0x110 C:/ST/STM32CubeIDE_2.2.0/STM32CubeIDE/plugins/com.st.stm32cube.ide.mcu.externaltools.gnu-tools-for-stm32.14.3.rel1.win32_1.0.100.202602081740/tools/bin/../lib/gcc/arm-none-eabi/14.3.1/thumb/v7e-m+fp/hard\libgcc.a(_arm_cmpdf2.o)
                0x08000a1c                __gtdf2
                0x08000a1c                __gedf2
                0x08000a24                __ltdf2
                0x08000a24                __ledf2
                0x08000a2c                __nedf2
                0x08000a2c                __eqdf2
                0x08000a2c                __cmpdf2
                0x08000aa8                __aeabi_cdrcmple
                0x08000ab8                __aeabi_cdcmpeq
                0x08000ab8                __aeabi_cdcmple
                0x08000ac8                __aeabi_dcmpeq
                0x08000adc                __aeabi_dcmplt
                0x08000af0                __aeabi_dcmple
                0x08000b04                __aeabi_dcmpge
                0x08000b18                __aeabi_dcmpgt
 .text          0x08000b2c       0x2c C:/ST/STM32CubeIDE_2.2.0/STM32CubeIDE/plugins/com.st.stm32cube.ide.mcu.externaltools.gnu-tools-for-stm32.14.3.rel1.win32_1.0.100.202602081740/tools/bin/../lib/gcc/arm-none-eabi/14.3.1/thumb/v7e-m+fp/hard\libgcc.a(_arm_unorddf2.o)
                0x08000b2c                __unorddf2
                0x08000b2c                __aeabi_dcmpun
 .text          0x08000b58       0x50 C:/ST/STM32CubeIDE_2.2.0/STM32CubeIDE/plugins/com.st.stm32cube.ide.mcu.externaltools.gnu-tools-for-stm32.14.3.rel1.win32_1.0.100.202602081740/tools/bin/../lib/gcc/arm-none-eabi/14.3.1/thumb/v7e-m+fp/hard\libgcc.a(_arm_fixdfsi.o)
                0x08000b58                __aeabi_d2iz
                0x08000b58                __fixdfsi
 .text          0x08000ba8       0x30 C:/ST/STM32CubeIDE_2.2.0/STM32CubeIDE/plugins/com.st.stm32cube.ide.mcu.externaltools.gnu-tools-for-stm32.14.3.rel1.win32_1.0.100.202602081740/tools/bin/../lib/gcc/arm-none-eabi/14.3.1/thumb/v7e-m+fp/hard\libgcc.a(_aeabi_uldivmod.o)
                0x08000ba8                __aeabi_uldivmod
 .text          0x08000bd8      0x2f8 C:/ST/STM32CubeIDE_2.2.0/STM32CubeIDE/plugins/com.st.stm32cube.ide.mcu.externaltools.gnu-tools-for-stm32.14.3.rel1.win32_1.0.100.202602081740/tools/bin/../lib/gcc/arm-none-eabi/14.3.1/thumb/v7e-m+fp/hard\libgcc.a(_udivmoddi4.o)
                0x08000bd8                __udivmoddi4
 .text          0x08000ed0        0x4 C:/ST/STM32CubeIDE_2.2.0/STM32CubeIDE/plugins/com.st.stm32cube.ide.mcu.externaltools.gnu-tools-for-stm32.14.3.rel1.win32_1.0.100.202602081740/tools/bin/../lib/gcc/arm-none-eabi/14.3.1/thumb/v7e-m+fp/hard\libgcc.a(_dvmd_tls.o)
                0x08000ed0                __aeabi_idiv0
                0x08000ed0                __aeabi_ldiv0
 *(.text*)
 .text.BSP_I2C2_Init
                0x08000ed4       0x7c ./Application/User/Core/custom_bus.o
                0x08000ed4                BSP_I2C2_Init
 .text.BSP_I2C2_DeInit
                0x08000f50       0x50 ./Application/User/Core/custom_bus.o
                0x08000f50                BSP_I2C2_DeInit
 .text.BSP_I2C2_WriteReg
                0x08000fa0       0x64 ./Application/User/Core/custom_bus.o
                0x08000fa0                BSP_I2C2_WriteReg
 .text.BSP_I2C2_ReadReg
                0x08001004       0x64 ./Application/User/Core/custom_bus.o
                0x08001004                BSP_I2C2_ReadReg
 .text.BSP_GetTick
                0x08001068        0xe ./Application/User/Core/custom_bus.o
                0x08001068                BSP_GetTick
 *fill*         0x08001076        0x2 
 .text.MX_I2C2_Init
                0x08001078       0x88 ./Application/User/Core/custom_bus.o
                0x08001078                MX_I2C2_Init
 .text.I2C2_MspInit
                0x08001100       0xc0 ./Application/User/Core/custom_bus.o
 .text.I2C2_MspDeInit
                0x080011c0       0x38 ./Application/User/Core/custom_bus.o
 .text.AI_Init  0x080011f8       0x78 ./Application/User/Core/main.o
 .text.AI_Run   0x08001270       0x70 ./Application/User/Core/main.o
 .text.argmax   0x080012e0       0x60 ./Application/User/Core/main.o
 .text.main     0x08001340      0x140 ./Application/User/Core/main.o
                0x08001340                main
 .text.SystemClock_Config
                0x08001480       0xa4 ./Application/User/Core/main.o
                0x08001480                SystemClock_Config
 .text.MX_USART1_UART_Init
                0x08001524       0x60 ./Application/User/Core/main.o
 .text.MX_GPIO_Init
                0x08001584       0x84 ./Application/User/Core/main.o
 .text.MEMS_Init
                0x08001608       0x94 ./Application/User/Core/main.o
 .text.HAL_GPIO_EXTI_Callback
                0x0800169c       0x2c ./Application/User/Core/main.o
                0x0800169c                HAL_GPIO_EXTI_Callback
 .text._write   0x080016c8       0x2c ./Application/User/Core/main.o
                0x080016c8                _write
 .text.Error_Handler
                0x080016f4        0xc ./Application/User/Core/main.o
                0x080016f4                Error_Handler
 .text.HAL_MspInit
                0x08001700       0x48 ./Application/User/Core/stm32l4xx_hal_msp.o
                0x08001700                HAL_MspInit
 .text.HAL_UART_MspInit
                0x08001748       0xbc ./Application/User/Core/stm32l4xx_hal_msp.o
                0x08001748                HAL_UART_MspInit
 .text.NMI_Handler
                0x08001804        0x8 ./Application/User/Core/stm32l4xx_it.o
                0x08001804                NMI_Handler
 .text.HardFault_Handler
                0x0800180c        0x8 ./Application/User/Core/stm32l4xx_it.o
                0x0800180c                HardFault_Handler
 .text.MemManage_Handler
                0x08001814        0x8 ./Application/User/Core/stm32l4xx_it.o
                0x08001814                MemManage_Handler
 .text.BusFault_Handler
                0x0800181c        0x8 ./Application/User/Core/stm32l4xx_it.o
                0x0800181c                BusFault_Handler
 .text.UsageFault_Handler
                0x08001824        0x8 ./Application/User/Core/stm32l4xx_it.o
                0x08001824                UsageFault_Handler
 .text.SVC_Handler
                0x0800182c        0xe ./Application/User/Core/stm32l4xx_it.o
                0x0800182c                SVC_Handler
 .text.DebugMon_Handler
                0x0800183a        0xe ./Application/User/Core/stm32l4xx_it.o
                0x0800183a                DebugMon_Handler
 .text.PendSV_Handler
                0x08001848        0xe ./Application/User/Core/stm32l4xx_it.o
                0x08001848                PendSV_Handler
 .text.SysTick_Handler
                0x08001856        0xc ./Application/User/Core/stm32l4xx_it.o
                0x08001856                SysTick_Handler
 .text.EXTI15_10_IRQHandler
                0x08001862       0x10 ./Application/User/Core/stm32l4xx_it.o
                0x08001862                EXTI15_10_IRQHandler
 .text._getpid  0x08001872       0x10 ./Application/User/Core/syscalls.o
                0x08001872                _getpid
 .text._kill    0x08001882       0x20 ./Application/User/Core/syscalls.o
                0x08001882                _kill
 .text._exit    0x080018a2       0x16 ./Application/User/Core/syscalls.o
                0x080018a2                _exit
 .text._read    0x080018b8       0x3a ./Application/User/Core/syscalls.o
                0x080018b8                _read
 .text._close   0x080018f2       0x18 ./Application/User/Core/syscalls.o
                0x080018f2                _close
 .text._fstat   0x0800190a       0x20 ./Application/User/Core/syscalls.o
                0x0800190a                _fstat
 .text._isatty  0x0800192a       0x16 ./Application/User/Core/syscalls.o
                0x0800192a                _isatty
 .text._lseek   0x08001940       0x1a ./Application/User/Core/syscalls.o
                0x08001940                _lseek
 *fill*         0x0800195a        0x2 
 .text._sbrk    0x0800195c       0x6c ./Application/User/Core/sysmem.o
                0x0800195c                _sbrk
 .text.Reset_Handler
                0x080019c8       0x50 ./Application/User/Startup/startup_stm32l475vgtx.o
                0x080019c8                Reset_Handler
 .text.Default_Handler
                0x08001a18        0x2 ./Application/User/Startup/startup_stm32l475vgtx.o
                0x08001a18                RTC_Alarm_IRQHandler
                0x08001a18                EXTI2_IRQHandler
                0x08001a18                TIM8_TRG_COM_IRQHandler
                0x08001a18                TIM8_CC_IRQHandler
                0x08001a18                TIM1_CC_IRQHandler
                0x08001a18                TSC_IRQHandler
                0x08001a18                TAMP_STAMP_IRQHandler
                0x08001a18                EXTI3_IRQHandler
                0x08001a18                LPTIM2_IRQHandler
                0x08001a18                DFSDM1_FLT1_IRQHandler
                0x08001a18                I2C3_ER_IRQHandler
                0x08001a18                DFSDM1_FLT2_IRQHandler
                0x08001a18                EXTI0_IRQHandler
                0x08001a18                I2C2_EV_IRQHandler
                0x08001a18                CAN1_RX0_IRQHandler
                0x08001a18                FPU_IRQHandler
                0x08001a18                TIM1_UP_TIM16_IRQHandler
                0x08001a18                ADC1_2_IRQHandler
                0x08001a18                SPI1_IRQHandler
                0x08001a18                TIM6_DAC_IRQHandler
                0x08001a18                TIM8_UP_IRQHandler
                0x08001a18                DMA2_Channel2_IRQHandler
                0x08001a18                DMA1_Channel4_IRQHandler
                0x08001a18                SAI2_IRQHandler
                0x08001a18                DFSDM1_FLT3_IRQHandler
                0x08001a18                USART3_IRQHandler
                0x08001a18                DMA1_Channel7_IRQHandler
                0x08001a18                CAN1_RX1_IRQHandler
                0x08001a18                UART5_IRQHandler
                0x08001a18                ADC3_IRQHandler
                0x08001a18                TIM4_IRQHandler
                0x08001a18                DMA2_Channel1_IRQHandler
                0x08001a18                QUADSPI_IRQHandler
                0x08001a18                I2C1_EV_IRQHandler
                0x08001a18                DMA1_Channel6_IRQHandler
                0x08001a18                UART4_IRQHandler
                0x08001a18                DMA2_Channel4_IRQHandler
                0x08001a18                TIM3_IRQHandler
                0x08001a18                RCC_IRQHandler
                0x08001a18                DMA1_Channel1_IRQHandler
                0x08001a18                Default_Handler
                0x08001a18                DMA2_Channel7_IRQHandler
                0x08001a18                TIM7_IRQHandler
                0x08001a18                SDMMC1_IRQHandler
                0x08001a18                TIM5_IRQHandler
                0x08001a18                I2C3_EV_IRQHandler
                0x08001a18                EXTI9_5_IRQHandler
                0x08001a18                RTC_WKUP_IRQHandler
                0x08001a18                PVD_PVM_IRQHandler
                0x08001a18                SPI2_IRQHandler
                0x08001a18                CAN1_TX_IRQHandler
                0x08001a18                DMA2_Channel5_IRQHandler
                0x08001a18                DMA1_Channel5_IRQHandler
                0x08001a18                EXTI4_IRQHandler
                0x08001a18                RNG_IRQHandler
                0x08001a18                TIM1_TRG_COM_TIM17_IRQHandler
                0x08001a18                DMA1_Channel3_IRQHandler
                0x08001a18                COMP_IRQHandler
                0x08001a18                WWDG_IRQHandler
                0x08001a18                LPUART1_IRQHandler
                0x08001a18                DMA2_Channel6_IRQHandler
                0x08001a18                TIM2_IRQHandler
                0x08001a18                EXTI1_IRQHandler
                0x08001a18                USART2_IRQHandler
                0x08001a18                DFSDM1_FLT0_IRQHandler
                0x08001a18                I2C2_ER_IRQHandler
                0x08001a18                DMA1_Channel2_IRQHandler
                0x08001a18                TIM8_BRK_IRQHandler
                0x08001a18                CAN1_SCE_IRQHandler
                0x08001a18                FLASH_IRQHandler
                0x08001a18                USART1_IRQHandler
                0x08001a18                OTG_FS_IRQHandler
                0x08001a18                SPI3_IRQHandler
                0x08001a18                I2C1_ER_IRQHandler
                0x08001a18                FMC_IRQHandler
                0x08001a18                SWPMI1_IRQHandler
                0x08001a18                LPTIM1_IRQHandler
                0x08001a18                SAI1_IRQHandler
                0x08001a18                DMA2_Channel3_IRQHandler
                0x08001a18                TIM1_BRK_TIM15_IRQHandler
 *fill*         0x08001a1a        0x2 
 .text.network_configure_activations
                0x08001a1c      0x150 ./Application/User/X-CUBE-AI/App/network.o
 .text.network_configure_weights
                0x08001b6c      0x17c ./Application/User/X-CUBE-AI/App/network.o
 .text.ai_network_get_error
                0x08001ce8       0x18 ./Application/User/X-CUBE-AI/App/network.o
                0x08001ce8                ai_network_get_error
 .text.ai_network_create
                0x08001d00       0x2c ./Application/User/X-CUBE-AI/App/network.o
                0x08001d00                ai_network_create
 .text.ai_network_create_and_init
                0x08001d2c       0xfc ./Application/User/X-CUBE-AI/App/network.o
                0x08001d2c                ai_network_create_and_init
 .text.ai_network_inputs_get
                0x08001e28       0x34 ./Application/User/X-CUBE-AI/App/network.o
                0x08001e28                ai_network_inputs_get
 .text.ai_network_outputs_get
                0x08001e5c       0x34 ./Application/User/X-CUBE-AI/App/network.o
                0x08001e5c                ai_network_outputs_get
 .text.ai_network_init
                0x08001e90       0x78 ./Application/User/X-CUBE-AI/App/network.o
                0x08001e90                ai_network_init
 .text.ai_network_run
                0x08001f08       0x20 ./Application/User/X-CUBE-AI/App/network.o
                0x08001f08                ai_network_run
 .text.ai_network_data_params_get
                0x08001f28       0x50 ./Application/User/X-CUBE-AI/App/network_data.o
                0x08001f28                ai_network_data_params_get
 .text.LSM6DSL_RegisterBusIO
                0x08001f78       0xd4 ./Drivers/BSP/Components/lsm6dsl.o
                0x08001f78                LSM6DSL_RegisterBusIO
 .text.LSM6DSL_Init
                0x0800204c       0xd2 ./Drivers/BSP/Components/lsm6dsl.o
                0x0800204c                LSM6DSL_Init
 .text.LSM6DSL_ReadID
                0x0800211e       0x2c ./Drivers/BSP/Components/lsm6dsl.o
                0x0800211e                LSM6DSL_ReadID
 .text.LSM6DSL_ACC_Enable
                0x0800214a       0x48 ./Drivers/BSP/Components/lsm6dsl.o
                0x0800214a                LSM6DSL_ACC_Enable
 *fill*         0x08002192        0x2 
 .text.LSM6DSL_ACC_GetSensitivity
                0x08002194       0x8c ./Drivers/BSP/Components/lsm6dsl.o
                0x08002194                LSM6DSL_ACC_GetSensitivity
 .text.LSM6DSL_ACC_SetOutputDataRate
                0x08002220       0x38 ./Drivers/BSP/Components/lsm6dsl.o
                0x08002220                LSM6DSL_ACC_SetOutputDataRate
 .text.LSM6DSL_ACC_SetFullScale
                0x08002258       0x50 ./Drivers/BSP/Components/lsm6dsl.o
                0x08002258                LSM6DSL_ACC_SetFullScale
 .text.LSM6DSL_ACC_GetAxesRaw
                0x080022a8       0x48 ./Drivers/BSP/Components/lsm6dsl.o
                0x080022a8                LSM6DSL_ACC_GetAxesRaw
 .text.LSM6DSL_ACC_GetAxes
                0x080022f0       0xae ./Drivers/BSP/Components/lsm6dsl.o
                0x080022f0                LSM6DSL_ACC_GetAxes
 .text.LSM6DSL_Write_Reg
                0x0800239e       0x36 ./Drivers/BSP/Components/lsm6dsl.o
                0x0800239e                LSM6DSL_Write_Reg
 .text.LSM6DSL_ACC_Set_INT1_DRDY
                0x080023d4       0x68 ./Drivers/BSP/Components/lsm6dsl.o
                0x080023d4                LSM6DSL_ACC_Set_INT1_DRDY
 .text.LSM6DSL_ACC_SetOutputDataRate_When_Enabled
                0x0800243c      0x118 ./Drivers/BSP/Components/lsm6dsl.o
 .text.LSM6DSL_ACC_SetOutputDataRate_When_Disabled
                0x08002554      0x104 ./Drivers/BSP/Components/lsm6dsl.o
 .text.ReadRegWrap
                0x08002658       0x36 ./Drivers/BSP/Components/lsm6dsl.o
 .text.WriteRegWrap
                0x0800268e       0x36 ./Drivers/BSP/Components/lsm6dsl.o
 .text.lsm6dsl_read_reg
                0x080026c4       0x3c ./Drivers/BSP/Components/lsm6dsl_reg.o
                0x080026c4                lsm6dsl_read_reg
 .text.lsm6dsl_write_reg
                0x08002700       0x3c ./Drivers/BSP/Components/lsm6dsl_reg.o
                0x08002700                lsm6dsl_write_reg
 .text.lsm6dsl_xl_full_scale_set
                0x0800273c       0x4c ./Drivers/BSP/Components/lsm6dsl_reg.o
                0x0800273c                lsm6dsl_xl_full_scale_set
 .text.lsm6dsl_xl_full_scale_get
                0x08002788       0x7c ./Drivers/BSP/Components/lsm6dsl_reg.o
                0x08002788                lsm6dsl_xl_full_scale_get
 .text.lsm6dsl_xl_data_rate_set
                0x08002804       0x4c ./Drivers/BSP/Components/lsm6dsl_reg.o
                0x08002804                lsm6dsl_xl_data_rate_set
 .text.lsm6dsl_gy_full_scale_set
                0x08002850       0x4c ./Drivers/BSP/Components/lsm6dsl_reg.o
                0x08002850                lsm6dsl_gy_full_scale_set
 .text.lsm6dsl_gy_data_rate_set
                0x0800289c       0x4c ./Drivers/BSP/Components/lsm6dsl_reg.o
                0x0800289c                lsm6dsl_gy_data_rate_set
 .text.lsm6dsl_block_data_update_set
                0x080028e8       0x4c ./Drivers/BSP/Components/lsm6dsl_reg.o
                0x080028e8                lsm6dsl_block_data_update_set
 .text.lsm6dsl_acceleration_raw_get
                0x08002934       0x9a ./Drivers/BSP/Components/lsm6dsl_reg.o
                0x08002934                lsm6dsl_acceleration_raw_get
 .text.lsm6dsl_device_id_get
                0x080029ce       0x22 ./Drivers/BSP/Components/lsm6dsl_reg.o
                0x080029ce                lsm6dsl_device_id_get
 .text.lsm6dsl_auto_increment_set
                0x080029f0       0x4c ./Drivers/BSP/Components/lsm6dsl_reg.o
                0x080029f0                lsm6dsl_auto_increment_set
 .text.lsm6dsl_pin_int1_route_set
                0x08002a3c      0x2c6 ./Drivers/BSP/Components/lsm6dsl_reg.o
                0x08002a3c                lsm6dsl_pin_int1_route_set
 .text.lsm6dsl_pin_int1_route_get
                0x08002d02      0x1b2 ./Drivers/BSP/Components/lsm6dsl_reg.o
                0x08002d02                lsm6dsl_pin_int1_route_get
 .text.lsm6dsl_fifo_mode_set
                0x08002eb4       0x4c ./Drivers/BSP/Components/lsm6dsl_reg.o
                0x08002eb4                lsm6dsl_fifo_mode_set
 .text.SystemInit
                0x08002f00       0x24 ./Drivers/CMSIS/system_stm32l4xx.o
                0x08002f00                SystemInit
 .text.HAL_Init
                0x08002f24       0x30 ./Drivers/STM32L4xx_HAL_Driver/stm32l4xx_hal.o
                0x08002f24                HAL_Init
 .text.HAL_InitTick
                0x08002f54       0x78 ./Drivers/STM32L4xx_HAL_Driver/stm32l4xx_hal.o
                0x08002f54                HAL_InitTick
 .text.HAL_IncTick
                0x08002fcc       0x28 ./Drivers/STM32L4xx_HAL_Driver/stm32l4xx_hal.o
                0x08002fcc                HAL_IncTick
 .text.HAL_GetTick
                0x08002ff4       0x18 ./Drivers/STM32L4xx_HAL_Driver/stm32l4xx_hal.o
                0x08002ff4                HAL_GetTick
 .text.__NVIC_SetPriorityGrouping
                0x0800300c       0x48 ./Drivers/STM32L4xx_HAL_Driver/stm32l4xx_hal_cortex.o
 .text.__NVIC_GetPriorityGrouping
                0x08003054       0x1c ./Drivers/STM32L4xx_HAL_Driver/stm32l4xx_hal_cortex.o
 .text.__NVIC_EnableIRQ
                0x08003070       0x3c ./Drivers/STM32L4xx_HAL_Driver/stm32l4xx_hal_cortex.o
 .text.__NVIC_SetPriority
                0x080030ac       0x54 ./Drivers/STM32L4xx_HAL_Driver/stm32l4xx_hal_cortex.o
 .text.NVIC_EncodePriority
                0x08003100       0x66 ./Drivers/STM32L4xx_HAL_Driver/stm32l4xx_hal_cortex.o
 *fill*         0x08003166        0x2 
 .text.SysTick_Config
                0x08003168       0x44 ./Drivers/STM32L4xx_HAL_Driver/stm32l4xx_hal_cortex.o
 .text.HAL_NVIC_SetPriorityGrouping
                0x080031ac       0x16 ./Drivers/STM32L4xx_HAL_Driver/stm32l4xx_hal_cortex.o
                0x080031ac                HAL_NVIC_SetPriorityGrouping
 .text.HAL_NVIC_SetPriority
                0x080031c2       0x38 ./Drivers/STM32L4xx_HAL_Driver/stm32l4xx_hal_cortex.o
                0x080031c2                HAL_NVIC_SetPriority
 .text.HAL_NVIC_EnableIRQ
                0x080031fa       0x1c ./Drivers/STM32L4xx_HAL_Driver/stm32l4xx_hal_cortex.o
                0x080031fa                HAL_NVIC_EnableIRQ
 .text.HAL_SYSTICK_Config
                0x08003216       0x18 ./Drivers/STM32L4xx_HAL_Driver/stm32l4xx_hal_cortex.o
                0x08003216                HAL_SYSTICK_Config
 *fill*         0x0800322e        0x2 
 .text.HAL_GPIO_Init
                0x08003230      0x354 ./Drivers/STM32L4xx_HAL_Driver/stm32l4xx_hal_gpio.o
                0x08003230                HAL_GPIO_Init
 .text.HAL_GPIO_DeInit
                0x08003584      0x1e8 ./Drivers/STM32L4xx_HAL_Driver/stm32l4xx_hal_gpio.o
                0x08003584                HAL_GPIO_DeInit
 .text.HAL_GPIO_EXTI_IRQHandler
                0x0800376c       0x30 ./Drivers/STM32L4xx_HAL_Driver/stm32l4xx_hal_gpio.o
                0x0800376c                HAL_GPIO_EXTI_IRQHandler
 .text.HAL_I2C_Init
                0x0800379c      0x136 ./Drivers/STM32L4xx_HAL_Driver/stm32l4xx_hal_i2c.o
                0x0800379c                HAL_I2C_Init
 .text.HAL_I2C_DeInit
                0x080038d2       0x5e ./Drivers/STM32L4xx_HAL_Driver/stm32l4xx_hal_i2c.o
                0x080038d2                HAL_I2C_DeInit
 .text.HAL_I2C_MspInit
                0x08003930       0x14 ./Drivers/STM32L4xx_HAL_Driver/stm32l4xx_hal_i2c.o
                0x08003930                HAL_I2C_MspInit
 .text.HAL_I2C_MspDeInit
                0x08003944       0x14 ./Drivers/STM32L4xx_HAL_Driver/stm32l4xx_hal_i2c.o
                0x08003944                HAL_I2C_MspDeInit
 .text.HAL_I2C_Mem_Write
                0x08003958      0x228 ./Drivers/STM32L4xx_HAL_Driver/stm32l4xx_hal_i2c.o
                0x08003958                HAL_I2C_Mem_Write
 .text.HAL_I2C_Mem_Read
                0x08003b80      0x234 ./Drivers/STM32L4xx_HAL_Driver/stm32l4xx_hal_i2c.o
                0x08003b80                HAL_I2C_Mem_Read
 .text.HAL_I2C_GetState
                0x08003db4       0x1c ./Drivers/STM32L4xx_HAL_Driver/stm32l4xx_hal_i2c.o
                0x08003db4                HAL_I2C_GetState
 .text.HAL_I2C_GetError
                0x08003dd0       0x18 ./Drivers/STM32L4xx_HAL_Driver/stm32l4xx_hal_i2c.o
                0x08003dd0                HAL_I2C_GetError
 .text.I2C_RequestMemoryWrite
                0x08003de8       0xa8 ./Drivers/STM32L4xx_HAL_Driver/stm32l4xx_hal_i2c.o
 .text.I2C_RequestMemoryRead
                0x08003e90       0xa8 ./Drivers/STM32L4xx_HAL_Driver/stm32l4xx_hal_i2c.o
 .text.I2C_Flush_TXDR
                0x08003f38       0x48 ./Drivers/STM32L4xx_HAL_Driver/stm32l4xx_hal_i2c.o
 .text.I2C_WaitOnFlagUntilTimeout
                0x08003f80       0xb2 ./Drivers/STM32L4xx_HAL_Driver/stm32l4xx_hal_i2c.o
 .text.I2C_WaitOnTXISFlagUntilTimeout
                0x08004032       0x8e ./Drivers/STM32L4xx_HAL_Driver/stm32l4xx_hal_i2c.o
 .text.I2C_WaitOnSTOPFlagUntilTimeout
                0x080040c0       0x86 ./Drivers/STM32L4xx_HAL_Driver/stm32l4xx_hal_i2c.o
 *fill*         0x08004146        0x2 
 .text.I2C_IsErrorOccurred
                0x08004148      0x1c0 ./Drivers/STM32L4xx_HAL_Driver/stm32l4xx_hal_i2c.o
 .text.I2C_TransferConfig
                0x08004308       0x64 ./Drivers/STM32L4xx_HAL_Driver/stm32l4xx_hal_i2c.o
 .text.HAL_I2CEx_ConfigAnalogFilter
                0x0800436c       0x96 ./Drivers/STM32L4xx_HAL_Driver/stm32l4xx_hal_i2c_ex.o
                0x0800436c                HAL_I2CEx_ConfigAnalogFilter
 .text.HAL_I2CEx_ConfigDigitalFilter
                0x08004402       0x98 ./Drivers/STM32L4xx_HAL_Driver/stm32l4xx_hal_i2c_ex.o
                0x08004402                HAL_I2CEx_ConfigDigitalFilter
 *fill*         0x0800449a        0x2 
 .text.HAL_PWREx_GetVoltageRange
                0x0800449c       0x1c ./Drivers/STM32L4xx_HAL_Driver/stm32l4xx_hal_pwr_ex.o
                0x0800449c                HAL_PWREx_GetVoltageRange
 .text.HAL_PWREx_ControlVoltageScaling
                0x080044b8       0xac ./Drivers/STM32L4xx_HAL_Driver/stm32l4xx_hal_pwr_ex.o
                0x080044b8                HAL_PWREx_ControlVoltageScaling
 .text.HAL_RCC_OscConfig
                0x08004564      0x7b8 ./Drivers/STM32L4xx_HAL_Driver/stm32l4xx_hal_rcc.o
                0x08004564                HAL_RCC_OscConfig
 .text.HAL_RCC_ClockConfig
                0x08004d1c      0x200 ./Drivers/STM32L4xx_HAL_Driver/stm32l4xx_hal_rcc.o
                0x08004d1c                HAL_RCC_ClockConfig
 .text.HAL_RCC_GetSysClockFreq
                0x08004f1c      0x118 ./Drivers/STM32L4xx_HAL_Driver/stm32l4xx_hal_rcc.o
                0x08004f1c                HAL_RCC_GetSysClockFreq
 .text.HAL_RCC_GetHCLKFreq
                0x08005034       0x18 ./Drivers/STM32L4xx_HAL_Driver/stm32l4xx_hal_rcc.o
                0x08005034                HAL_RCC_GetHCLKFreq
 .text.HAL_RCC_GetPCLK1Freq
                0x0800504c       0x2c ./Drivers/STM32L4xx_HAL_Driver/stm32l4xx_hal_rcc.o
                0x0800504c                HAL_RCC_GetPCLK1Freq
 .text.HAL_RCC_GetPCLK2Freq
                0x08005078       0x2c ./Drivers/STM32L4xx_HAL_Driver/stm32l4xx_hal_rcc.o
                0x08005078                HAL_RCC_GetPCLK2Freq
 .text.RCC_SetFlashLatencyFromMSIRange
                0x080050a4       0xc0 ./Drivers/STM32L4xx_HAL_Driver/stm32l4xx_hal_rcc.o
 .text.HAL_RCCEx_PeriphCLKConfig
                0x08005164      0x5d4 ./Drivers/STM32L4xx_HAL_Driver/stm32l4xx_hal_rcc_ex.o
                0x08005164                HAL_RCCEx_PeriphCLKConfig
 .text.RCCEx_PLLSAI1_Config
                0x08005738      0x1e8 ./Drivers/STM32L4xx_HAL_Driver/stm32l4xx_hal_rcc_ex.o
 .text.RCCEx_PLLSAI2_Config
                0x08005920      0x1bc ./Drivers/STM32L4xx_HAL_Driver/stm32l4xx_hal_rcc_ex.o
 .text.HAL_UART_Init
                0x08005adc       0x9c ./Drivers/STM32L4xx_HAL_Driver/stm32l4xx_hal_uart.o
                0x08005adc                HAL_UART_Init
 .text.HAL_UART_Transmit
                0x08005b78      0x126 ./Drivers/STM32L4xx_HAL_Driver/stm32l4xx_hal_uart.o
                0x08005b78                HAL_UART_Transmit
 *fill*         0x08005c9e        0x2 
 .text.UART_SetConfig
                0x08005ca0      0x570 ./Drivers/STM32L4xx_HAL_Driver/stm32l4xx_hal_uart.o
                0x08005ca0                UART_SetConfig
 .text.UART_AdvFeatureConfig
                0x08006210      0x144 ./Drivers/STM32L4xx_HAL_Driver/stm32l4xx_hal_uart.o
                0x08006210                UART_AdvFeatureConfig
 .text.UART_CheckIdleState
                0x08006354      0x150 ./Drivers/STM32L4xx_HAL_Driver/stm32l4xx_hal_uart.o
                0x08006354                UART_CheckIdleState
 .text.UART_WaitOnFlagUntilTimeout
                0x080064a4       0xda ./Drivers/STM32L4xx_HAL_Driver/stm32l4xx_hal_uart.o
                0x080064a4                UART_WaitOnFlagUntilTimeout
 .text.UART_EndRxTransfer
                0x0800657e       0xc8 ./Drivers/STM32L4xx_HAL_Driver/stm32l4xx_hal_uart.o
 *fill*         0x08006646        0x2 
 .text.ai_buffer_get_size
                0x08006648       0x64 ../../Middlewares/ST/AI/Lib\NetworkRuntime1020_CM4_GCC.a(ai_platform.o)
                0x08006648                ai_buffer_get_size
 .text.ai_buffer_array_sane
                0x080066ac       0x14 ../../Middlewares/ST/AI/Lib\NetworkRuntime1020_CM4_GCC.a(ai_platform.o)
                0x080066ac                ai_buffer_array_sane
 .text.ai_buffer_array_item_set_address
                0x080066c0       0x1c ../../Middlewares/ST/AI/Lib\NetworkRuntime1020_CM4_GCC.a(ai_platform.o)
                0x080066c0                ai_buffer_array_item_set_address
 .text.ai_platform_get_weights_map
                0x080066dc       0xa4 ../../Middlewares/ST/AI/Lib\NetworkRuntime1020_CM4_GCC.a(ai_platform_interface.o)
                0x080066dc                ai_platform_get_weights_map
 .text.ai_platform_get_activations_map
                0x08006780       0xa8 ../../Middlewares/ST/AI/Lib\NetworkRuntime1020_CM4_GCC.a(ai_platform_interface.o)
                0x08006780                ai_platform_get_activations_map
 .text.ai_platform_bind_network_params
                0x08006828       0x44 ../../Middlewares/ST/AI/Lib\NetworkRuntime1020_CM4_GCC.a(ai_platform_interface.o)
                0x08006828                ai_platform_bind_network_params
 .text.ai_platform_network_get_error
                0x0800686c       0x18 ../../Middlewares/ST/AI/Lib\NetworkRuntime1020_CM4_GCC.a(ai_platform_interface.o)
                0x0800686c                ai_platform_network_get_error
 .text.ai_platform_network_set_error
                0x08006884        0xc ../../Middlewares/ST/AI/Lib\NetworkRuntime1020_CM4_GCC.a(ai_platform_interface.o)
                0x08006884                ai_platform_network_set_error
 .text.ai_platform_inputs_get
                0x08006890       0xec ../../Middlewares/ST/AI/Lib\NetworkRuntime1020_CM4_GCC.a(ai_platform_interface.o)
                0x08006890                ai_platform_inputs_get
 .text.ai_platform_outputs_get
                0x0800697c       0xe4 ../../Middlewares/ST/AI/Lib\NetworkRuntime1020_CM4_GCC.a(ai_platform_interface.o)
                0x0800697c                ai_platform_outputs_get
 .text.ai_platform_network_create
                0x08006a60       0x84 ../../Middlewares/ST/AI/Lib\NetworkRuntime1020_CM4_GCC.a(ai_platform_interface.o)
                0x08006a60                ai_platform_network_create
 .text.ai_platform_network_init
                0x08006ae4      0x130 ../../Middlewares/ST/AI/Lib\NetworkRuntime1020_CM4_GCC.a(ai_platform_interface.o)
                0x08006ae4                ai_platform_network_init
 .text.ai_platform_network_post_init
                0x08006c14       0x5c ../../Middlewares/ST/AI/Lib\NetworkRuntime1020_CM4_GCC.a(ai_platform_interface.o)
                0x08006c14                ai_platform_network_post_init
 .text.ai_platform_network_process
                0x08006c70      0x438 ../../Middlewares/ST/AI/Lib\NetworkRuntime1020_CM4_GCC.a(ai_platform_interface.o)
                0x08006c70                ai_platform_network_process
 .text.core_init
                0x080070a8        0x4 ../../Middlewares/ST/AI/Lib\NetworkRuntime1020_CM4_GCC.a(core_common.o)
                0x080070a8                core_init
 .text.core_get_error
                0x080070ac        0xc ../../Middlewares/ST/AI/Lib\NetworkRuntime1020_CM4_GCC.a(core_common.o)
                0x080070ac                core_get_error
 .text.core_set_error
                0x080070b8       0x18 ../../Middlewares/ST/AI/Lib\NetworkRuntime1020_CM4_GCC.a(core_common.o)
                0x080070b8                core_set_error
 .text.ai_check_custom_types
                0x080070d0       0x54 ../../Middlewares/ST/AI/Lib\NetworkRuntime1020_CM4_GCC.a(layers.o)
                0x080070d0                ai_check_custom_types
 .text.ai_layers_init_all
                0x08007124       0x20 ../../Middlewares/ST/AI/Lib\NetworkRuntime1020_CM4_GCC.a(layers.o)
                0x08007124                ai_layers_init_all
 .text.ai_layers_post_init_all
                0x08007144       0x3c ../../Middlewares/ST/AI/Lib\NetworkRuntime1020_CM4_GCC.a(layers.o)
                0x08007144                ai_layers_post_init_all
 .text.ai_layers_forward_all
                0x08007180       0x90 ../../Middlewares/ST/AI/Lib\NetworkRuntime1020_CM4_GCC.a(layers.o)
                0x08007180                ai_layers_forward_all
 .text.forward_conv2d_if32of32wf32
                0x08007210      0x1c4 ../../Middlewares/ST/AI/Lib\NetworkRuntime1020_CM4_GCC.a(layers_conv2d_generic_float.o)
                0x08007210                forward_conv2d_if32of32wf32
 .text.forward_dense
                0x080073d4      0x100 ../../Middlewares/ST/AI/Lib\NetworkRuntime1020_CM4_GCC.a(layers_conv2d_generic_float.o)
                0x080073d4                forward_dense
 .text.forward_relu
                0x080074d4      0x134 ../../Middlewares/ST/AI/Lib\NetworkRuntime1020_CM4_GCC.a(layers_nl_generic_float.o)
                0x080074d4                forward_relu
 .text.forward_sm
                0x08007608       0x84 ../../Middlewares/ST/AI/Lib\NetworkRuntime1020_CM4_GCC.a(layers_nl_generic_float.o)
                0x08007608                forward_sm
 .text.forward_lite_conv2d_if32of32wf32
                0x0800768c      0x5a8 ../../Middlewares/ST/AI/Lib\NetworkRuntime1020_CM4_GCC.a(forward_lite_conv2d_if32of32wf32.o)
                0x0800768c                forward_lite_conv2d_if32of32wf32
 .text.forward_lite_nl_softmax_if32of32_kernel
                0x08007c34       0xf0 ../../Middlewares/ST/AI/Lib\NetworkRuntime1020_CM4_GCC.a(lite_nl_softmax_if32of32.o)
                0x08007c34                forward_lite_nl_softmax_if32of32_kernel
 .text.forward_lite_nl_relu_generic_if32of32_kernel
                0x08007d24       0xf0 ../../Middlewares/ST/AI/Lib\NetworkRuntime1020_CM4_GCC.a(lite_nl_relu_if32of32.o)
                0x08007d24                forward_lite_nl_relu_generic_if32of32_kernel
 .text.lite_decompress_ilutof32
                0x08007e14       0xac ../../Middlewares/ST/AI/Lib\NetworkRuntime1020_CM4_GCC.a(lite_dense_if32.o)
                0x08007e14                lite_decompress_ilutof32
 .text.forward_lite_dense_if32of32wf32
                0x08007ec0      0x2ac ../../Middlewares/ST/AI/Lib\NetworkRuntime1020_CM4_GCC.a(lite_dense_if32.o)
                0x08007ec0                forward_lite_dense_if32of32wf32
 .text.forward_lite_dense_if32of32wf32_lut4
                0x0800816c      0x288 ../../Middlewares/ST/AI/Lib\NetworkRuntime1020_CM4_GCC.a(lite_dense_if32.o)
                0x0800816c                forward_lite_dense_if32of32wf32_lut4
 .text.forward_lite_dense_if32of32wf32_lut8
                0x080083f4      0x298 ../../Middlewares/ST/AI/Lib\NetworkRuntime1020_CM4_GCC.a(lite_dense_if32.o)
                0x080083f4                forward_lite_dense_if32of32wf32_lut8
 .text.forward_lite_nl_softmax_if32of32
                0x0800868c       0x64 ../../Middlewares/ST/AI/Lib\NetworkRuntime1020_CM4_GCC.a(lite_nl_generic_float.o)
                0x0800868c                forward_lite_nl_softmax_if32of32
 .text.st_int8_copy
                0x080086f0      0x13c ../../Middlewares/ST/AI/Lib\NetworkRuntime1020_CM4_GCC.a(st_int8_fill.o)
                0x080086f0                st_int8_copy
 .text.ai_array_to_buffer_fmt
                0x0800882c       0xe0 ../../Middlewares/ST/AI/Lib\NetworkRuntime1020_CM4_GCC.a(ai_datatypes_format.o)
                0x0800882c                ai_array_to_buffer_fmt
 .text.ai_array_get_data_byte_size
                0x0800890c       0x24 ../../Middlewares/ST/AI/Lib\NetworkRuntime1020_CM4_GCC.a(ai_datatypes_format.o)
                0x0800890c                ai_array_get_data_byte_size
 .text.ai_version_get
                0x08008930        0xc ../../Middlewares/ST/AI/Lib\NetworkRuntime1020_CM4_GCC.a(ai_datatypes_internal.o)
                0x08008930                ai_version_get
 .text.get_tensor_byte_size
                0x0800893c       0x30 ../../Middlewares/ST/AI/Lib\NetworkRuntime1020_CM4_GCC.a(ai_datatypes_internal.o)
                0x0800893c                get_tensor_byte_size
 .text.malloc   0x0800896c       0x10 C:/ST/STM32CubeIDE_2.2.0/STM32CubeIDE/plugins/com.st.stm32cube.ide.mcu.externaltools.gnu-tools-for-stm32.14.3.rel1.win32_1.0.100.202602081740/tools/bin/../lib/gcc/arm-none-eabi/14.3.1/../../../../arm-none-eabi/lib/thumb/v7e-m+fp/hard\libc_nano.a(libc_a-malloc.o)
                0x0800896c                malloc
 .text.sbrk_aligned
                0x0800897c       0x44 C:/ST/STM32CubeIDE_2.2.0/STM32CubeIDE/plugins/com.st.stm32cube.ide.mcu.externaltools.gnu-tools-for-stm32.14.3.rel1.win32_1.0.100.202602081740/tools/bin/../lib/gcc/arm-none-eabi/14.3.1/../../../../arm-none-eabi/lib/thumb/v7e-m+fp/hard\libc_nano.a(libc_a-mallocr.o)
 .text._malloc_r
                0x080089c0      0x100 C:/ST/STM32CubeIDE_2.2.0/STM32CubeIDE/plugins/com.st.stm32cube.ide.mcu.externaltools.gnu-tools-for-stm32.14.3.rel1.win32_1.0.100.202602081740/tools/bin/../lib/gcc/arm-none-eabi/14.3.1/../../../../arm-none-eabi/lib/thumb/v7e-m+fp/hard\libc_nano.a(libc_a-mallocr.o)
                0x080089c0                _malloc_r
 .text.__malloc_lock
                0x08008ac0        0xc C:/ST/STM32CubeIDE_2.2.0/STM32CubeIDE/plugins/com.st.stm32cube.ide.mcu.externaltools.gnu-tools-for-stm32.14.3.rel1.win32_1.0.100.202602081740/tools/bin/../lib/gcc/arm-none-eabi/14.3.1/../../../../arm-none-eabi/lib/thumb/v7e-m+fp/hard\libc_nano.a(libc_a-mlock.o)
                0x08008ac0                __malloc_lock
 .text.__malloc_unlock
                0x08008acc        0xc C:/ST/STM32CubeIDE_2.2.0/STM32CubeIDE/plugins/com.st.stm32cube.ide.mcu.externaltools.gnu-tools-for-stm32.14.3.rel1.win32_1.0.100.202602081740/tools/bin/../lib/gcc/arm-none-eabi/14.3.1/../../../../arm-none-eabi/lib/thumb/v7e-m+fp/hard\libc_nano.a(libc_a-mlock.o)
                0x08008acc                __malloc_unlock
 .text.__cvt    0x08008ad8       0xca C:/ST/STM32CubeIDE_2.2.0/STM32CubeIDE/plugins/com.st.stm32cube.ide.mcu.externaltools.gnu-tools-for-stm32.14.3.rel1.win32_1.0.100.202602081740/tools/bin/../lib/gcc/arm-none-eabi/14.3.1/../../../../arm-none-eabi/lib/thumb/v7e-m+fp/hard\libc_nano.a(libc_a-nano-vfprintf_float.o)
                0x08008ad8                __cvt
 .text.__exponent
                0x08008ba2       0x74 C:/ST/STM32CubeIDE_2.2.0/STM32CubeIDE/plugins/com.st.stm32cube.ide.mcu.externaltools.gnu-tools-for-stm32.14.3.rel1.win32_1.0.100.202602081740/tools/bin/../lib/gcc/arm-none-eabi/14.3.1/../../../../arm-none-eabi/lib/thumb/v7e-m+fp/hard\libc_nano.a(libc_a-nano-vfprintf_float.o)
                0x08008ba2                __exponent
 *fill*         0x08008c16        0x2 
 .text._printf_float
                0x08008c18      0x450 C:/ST/STM32CubeIDE_2.2.0/STM32CubeIDE/plugins/com.st.stm32cube.ide.mcu.externaltools.gnu-tools-for-stm32.14.3.rel1.win32_1.0.100.202602081740/tools/bin/../lib/gcc/arm-none-eabi/14.3.1/../../../../arm-none-eabi/lib/thumb/v7e-m+fp/hard\libc_nano.a(libc_a-nano-vfprintf_float.o)
                0x08008c18                _printf_float
 .text._printf_common
                0x08009068       0xda C:/ST/STM32CubeIDE_2.2.0/STM32CubeIDE/plugins/com.st.stm32cube.ide.mcu.externaltools.gnu-tools-for-stm32.14.3.rel1.win32_1.0.100.202602081740/tools/bin/../lib/gcc/arm-none-eabi/14.3.1/../../../../arm-none-eabi/lib/thumb/v7e-m+fp/hard\libc_nano.a(libc_a-nano-vfprintf_i.o)
                0x08009068                _printf_common
 *fill*         0x08009142        0x2 
 .text._printf_i
                0x08009144      0x24c C:/ST/STM32CubeIDE_2.2.0/STM32CubeIDE/plugins/com.st.stm32cube.ide.mcu.externaltools.gnu-tools-for-stm32.14.3.rel1.win32_1.0.100.202602081740/tools/bin/../lib/gcc/arm-none-eabi/14.3.1/../../../../arm-none-eabi/lib/thumb/v7e-m+fp/hard\libc_nano.a(libc_a-nano-vfprintf_i.o)
                0x08009144                _printf_i
 .text.std      0x08009390       0x6c C:/ST/STM32CubeIDE_2.2.0/STM32CubeIDE/plugins/com.st.stm32cube.ide.mcu.externaltools.gnu-tools-for-stm32.14.3.rel1.win32_1.0.100.202602081740/tools/bin/../lib/gcc/arm-none-eabi/14.3.1/../../../../arm-none-eabi/lib/thumb/v7e-m+fp/hard\libc_nano.a(libc_a-findfp.o)
 .text.stdio_exit_handler
                0x080093fc       0x18 C:/ST/STM32CubeIDE_2.2.0/STM32CubeIDE/plugins/com.st.stm32cube.ide.mcu.externaltools.gnu-tools-for-stm32.14.3.rel1.win32_1.0.100.202602081740/tools/bin/../lib/gcc/arm-none-eabi/14.3.1/../../../../arm-none-eabi/lib/thumb/v7e-m+fp/hard\libc_nano.a(libc_a-findfp.o)
 .text.cleanup_stdio
                0x08009414       0x40 C:/ST/STM32CubeIDE_2.2.0/STM32CubeIDE/plugins/com.st.stm32cube.ide.mcu.externaltools.gnu-tools-for-stm32.14.3.rel1.win32_1.0.100.202602081740/tools/bin/../lib/gcc/arm-none-eabi/14.3.1/../../../../arm-none-eabi/lib/thumb/v7e-m+fp/hard\libc_nano.a(libc_a-findfp.o)
 .text.global_stdio_init.part.0
                0x08009454       0x40 C:/ST/STM32CubeIDE_2.2.0/STM32CubeIDE/plugins/com.st.stm32cube.ide.mcu.externaltools.gnu-tools-for-stm32.14.3.rel1.win32_1.0.100.202602081740/tools/bin/../lib/gcc/arm-none-eabi/14.3.1/../../../../arm-none-eabi/lib/thumb/v7e-m+fp/hard\libc_nano.a(libc_a-findfp.o)
 .text.__sfp_lock_acquire
                0x08009494        0xc C:/ST/STM32CubeIDE_2.2.0/STM32CubeIDE/plugins/com.st.stm32cube.ide.mcu.externaltools.gnu-tools-for-stm32.14.3.rel1.win32_1.0.100.202602081740/tools/bin/../lib/gcc/arm-none-eabi/14.3.1/../../../../arm-none-eabi/lib/thumb/v7e-m+fp/hard\libc_nano.a(libc_a-findfp.o)
                0x08009494                __sfp_lock_acquire
 .text.__sfp_lock_release
                0x080094a0        0xc C:/ST/STM32CubeIDE_2.2.0/STM32CubeIDE/plugins/com.st.stm32cube.ide.mcu.externaltools.gnu-tools-for-stm32.14.3.rel1.win32_1.0.100.202602081740/tools/bin/../lib/gcc/arm-none-eabi/14.3.1/../../../../arm-none-eabi/lib/thumb/v7e-m+fp/hard\libc_nano.a(libc_a-findfp.o)
                0x080094a0                __sfp_lock_release
 .text.__sinit  0x080094ac       0x30 C:/ST/STM32CubeIDE_2.2.0/STM32CubeIDE/plugins/com.st.stm32cube.ide.mcu.externaltools.gnu-tools-for-stm32.14.3.rel1.win32_1.0.100.202602081740/tools/bin/../lib/gcc/arm-none-eabi/14.3.1/../../../../arm-none-eabi/lib/thumb/v7e-m+fp/hard\libc_nano.a(libc_a-findfp.o)
                0x080094ac                __sinit
 .text._fwalk_sglue
                0x080094dc       0x3c C:/ST/STM32CubeIDE_2.2.0/STM32CubeIDE/plugins/com.st.stm32cube.ide.mcu.externaltools.gnu-tools-for-stm32.14.3.rel1.win32_1.0.100.202602081740/tools/bin/../lib/gcc/arm-none-eabi/14.3.1/../../../../arm-none-eabi/lib/thumb/v7e-m+fp/hard\libc_nano.a(libc_a-fwalk.o)
                0x080094dc                _fwalk_sglue
 .text.printf   0x08009518       0x24 C:/ST/STM32CubeIDE_2.2.0/STM32CubeIDE/plugins/com.st.stm32cube.ide.mcu.externaltools.gnu-tools-for-stm32.14.3.rel1.win32_1.0.100.202602081740/tools/bin/../lib/gcc/arm-none-eabi/14.3.1/../../../../arm-none-eabi/lib/thumb/v7e-m+fp/hard\libc_nano.a(libc_a-printf.o)
                0x08009518                iprintf
                0x08009518                printf
 .text._puts_r  0x0800953c       0xaa C:/ST/STM32CubeIDE_2.2.0/STM32CubeIDE/plugins/com.st.stm32cube.ide.mcu.externaltools.gnu-tools-for-stm32.14.3.rel1.win32_1.0.100.202602081740/tools/bin/../lib/gcc/arm-none-eabi/14.3.1/../../../../arm-none-eabi/lib/thumb/v7e-m+fp/hard\libc_nano.a(libc_a-puts.o)
                0x0800953c                _puts_r
 *fill*         0x080095e6        0x2 
 .text.puts     0x080095e8       0x10 C:/ST/STM32CubeIDE_2.2.0/STM32CubeIDE/plugins/com.st.stm32cube.ide.mcu.externaltools.gnu-tools-for-stm32.14.3.rel1.win32_1.0.100.202602081740/tools/bin/../lib/gcc/arm-none-eabi/14.3.1/../../../../arm-none-eabi/lib/thumb/v7e-m+fp/hard\libc_nano.a(libc_a-puts.o)
                0x080095e8                puts
 .text.__sread  0x080095f8       0x22 C:/ST/STM32CubeIDE_2.2.0/STM32CubeIDE/plugins/com.st.stm32cube.ide.mcu.externaltools.gnu-tools-for-stm32.14.3.rel1.win32_1.0.100.202602081740/tools/bin/../lib/gcc/arm-none-eabi/14.3.1/../../../../arm-none-eabi/lib/thumb/v7e-m+fp/hard\libc_nano.a(libc_a-stdio.o)
                0x080095f8                __sread
 .text.__swrite
                0x0800961a       0x38 C:/ST/STM32CubeIDE_2.2.0/STM32CubeIDE/plugins/com.st.stm32cube.ide.mcu.externaltools.gnu-tools-for-stm32.14.3.rel1.win32_1.0.100.202602081740/tools/bin/../lib/gcc/arm-none-eabi/14.3.1/../../../../arm-none-eabi/lib/thumb/v7e-m+fp/hard\libc_nano.a(libc_a-stdio.o)
                0x0800961a                __swrite
 .text.__sseek  0x08009652       0x26 C:/ST/STM32CubeIDE_2.2.0/STM32CubeIDE/plugins/com.st.stm32cube.ide.mcu.externaltools.gnu-tools-for-stm32.14.3.rel1.win32_1.0.100.202602081740/tools/bin/../lib/gcc/arm-none-eabi/14.3.1/../../../../arm-none-eabi/lib/thumb/v7e-m+fp/hard\libc_nano.a(libc_a-stdio.o)
                0x08009652                __sseek
 .text.__sclose
                0x08009678        0x8 C:/ST/STM32CubeIDE_2.2.0/STM32CubeIDE/plugins/com.st.stm32cube.ide.mcu.externaltools.gnu-tools-for-stm32.14.3.rel1.win32_1.0.100.202602081740/tools/bin/../lib/gcc/arm-none-eabi/14.3.1/../../../../arm-none-eabi/lib/thumb/v7e-m+fp/hard\libc_nano.a(libc_a-stdio.o)
                0x08009678                __sclose
 .text.__swbuf_r
                0x08009680       0x7c C:/ST/STM32CubeIDE_2.2.0/STM32CubeIDE/plugins/com.st.stm32cube.ide.mcu.externaltools.gnu-tools-for-stm32.14.3.rel1.win32_1.0.100.202602081740/tools/bin/../lib/gcc/arm-none-eabi/14.3.1/../../../../arm-none-eabi/lib/thumb/v7e-m+fp/hard\libc_nano.a(libc_a-wbuf.o)
                0x08009680                __swbuf_r
 .text.__swsetup_r
                0x080096fc       0xa8 C:/ST/STM32CubeIDE_2.2.0/STM32CubeIDE/plugins/com.st.stm32cube.ide.mcu.externaltools.gnu-tools-for-stm32.14.3.rel1.win32_1.0.100.202602081740/tools/bin/../lib/gcc/arm-none-eabi/14.3.1/../../../../arm-none-eabi/lib/thumb/v7e-m+fp/hard\libc_nano.a(libc_a-wsetup.o)
                0x080096fc                __swsetup_r
 .text.memset   0x080097a4       0x10 C:/ST/STM32CubeIDE_2.2.0/STM32CubeIDE/plugins/com.st.stm32cube.ide.mcu.externaltools.gnu-tools-for-stm32.14.3.rel1.win32_1.0.100.202602081740/tools/bin/../lib/gcc/arm-none-eabi/14.3.1/../../../../arm-none-eabi/lib/thumb/v7e-m+fp/hard\libc_nano.a(libc_a-memset.o)
                0x080097a4                memset
 .text._localeconv_r
                0x080097b4        0x8 C:/ST/STM32CubeIDE_2.2.0/STM32CubeIDE/plugins/com.st.stm32cube.ide.mcu.externaltools.gnu-tools-for-stm32.14.3.rel1.win32_1.0.100.202602081740/tools/bin/../lib/gcc/arm-none-eabi/14.3.1/../../../../arm-none-eabi/lib/thumb/v7e-m+fp/hard\libc_nano.a(libc_a-localeconv.o)
                0x080097b4                _localeconv_r
 .text._close_r
                0x080097bc       0x20 C:/ST/STM32CubeIDE_2.2.0/STM32CubeIDE/plugins/com.st.stm32cube.ide.mcu.externaltools.gnu-tools-for-stm32.14.3.rel1.win32_1.0.100.202602081740/tools/bin/../lib/gcc/arm-none-eabi/14.3.1/../../../../arm-none-eabi/lib/thumb/v7e-m+fp/hard\libc_nano.a(libc_a-closer.o)
                0x080097bc                _close_r
 .text._lseek_r
                0x080097dc       0x24 C:/ST/STM32CubeIDE_2.2.0/STM32CubeIDE/plugins/com.st.stm32cube.ide.mcu.externaltools.gnu-tools-for-stm32.14.3.rel1.win32_1.0.100.202602081740/tools/bin/../lib/gcc/arm-none-eabi/14.3.1/../../../../arm-none-eabi/lib/thumb/v7e-m+fp/hard\libc_nano.a(libc_a-lseekr.o)
                0x080097dc                _lseek_r
 .text._read_r  0x08009800       0x24 C:/ST/STM32CubeIDE_2.2.0/STM32CubeIDE/plugins/com.st.stm32cube.ide.mcu.externaltools.gnu-tools-for-stm32.14.3.rel1.win32_1.0.100.202602081740/tools/bin/../lib/gcc/arm-none-eabi/14.3.1/../../../../arm-none-eabi/lib/thumb/v7e-m+fp/hard\libc_nano.a(libc_a-readr.o)
                0x08009800                _read_r
 .text._sbrk_r  0x08009824       0x20 C:/ST/STM32CubeIDE_2.2.0/STM32CubeIDE/plugins/com.st.stm32cube.ide.mcu.externaltools.gnu-tools-for-stm32.14.3.rel1.win32_1.0.100.202602081740/tools/bin/../lib/gcc/arm-none-eabi/14.3.1/../../../../arm-none-eabi/lib/thumb/v7e-m+fp/hard\libc_nano.a(libc_a-sbrkr.o)
                0x08009824                _sbrk_r
 .text._write_r
                0x08009844       0x24 C:/ST/STM32CubeIDE_2.2.0/STM32CubeIDE/plugins/com.st.stm32cube.ide.mcu.externaltools.gnu-tools-for-stm32.14.3.rel1.win32_1.0.100.202602081740/tools/bin/../lib/gcc/arm-none-eabi/14.3.1/../../../../arm-none-eabi/lib/thumb/v7e-m+fp/hard\libc_nano.a(libc_a-writer.o)
                0x08009844                _write_r
 .text.__errno  0x08009868        0xc C:/ST/STM32CubeIDE_2.2.0/STM32CubeIDE/plugins/com.st.stm32cube.ide.mcu.externaltools.gnu-tools-for-stm32.14.3.rel1.win32_1.0.100.202602081740/tools/bin/../lib/gcc/arm-none-eabi/14.3.1/../../../../arm-none-eabi/lib/thumb/v7e-m+fp/hard\libc_nano.a(libc_a-errno.o)
                0x08009868                __errno
 .text.__libc_init_array
                0x08009874       0x48 C:/ST/STM32CubeIDE_2.2.0/STM32CubeIDE/plugins/com.st.stm32cube.ide.mcu.externaltools.gnu-tools-for-stm32.14.3.rel1.win32_1.0.100.202602081740/tools/bin/../lib/gcc/arm-none-eabi/14.3.1/../../../../arm-none-eabi/lib/thumb/v7e-m+fp/hard\libc_nano.a(libc_a-init.o)
                0x08009874                __libc_init_array
 .text.__retarget_lock_init_recursive
                0x080098bc        0x2 C:/ST/STM32CubeIDE_2.2.0/STM32CubeIDE/plugins/com.st.stm32cube.ide.mcu.externaltools.gnu-tools-for-stm32.14.3.rel1.win32_1.0.100.202602081740/tools/bin/../lib/gcc/arm-none-eabi/14.3.1/../../../../arm-none-eabi/lib/thumb/v7e-m+fp/hard\libc_nano.a(libc_a-lock.o)
                0x080098bc                __retarget_lock_init_recursive
 .text.__retarget_lock_acquire_recursive
                0x080098be        0x2 C:/ST/STM32CubeIDE_2.2.0/STM32CubeIDE/plugins/com.st.stm32cube.ide.mcu.externaltools.gnu-tools-for-stm32.14.3.rel1.win32_1.0.100.202602081740/tools/bin/../lib/gcc/arm-none-eabi/14.3.1/../../../../arm-none-eabi/lib/thumb/v7e-m+fp/hard\libc_nano.a(libc_a-lock.o)
                0x080098be                __retarget_lock_acquire_recursive
 .text.__retarget_lock_release_recursive
                0x080098c0        0x2 C:/ST/STM32CubeIDE_2.2.0/STM32CubeIDE/plugins/com.st.stm32cube.ide.mcu.externaltools.gnu-tools-for-stm32.14.3.rel1.win32_1.0.100.202602081740/tools/bin/../lib/gcc/arm-none-eabi/14.3.1/../../../../arm-none-eabi/lib/thumb/v7e-m+fp/hard\libc_nano.a(libc_a-lock.o)
                0x080098c0                __retarget_lock_release_recursive
 .text.memcpy   0x080098c2       0x1c C:/ST/STM32CubeIDE_2.2.0/STM32CubeIDE/plugins/com.st.stm32cube.ide.mcu.externaltools.gnu-tools-for-stm32.14.3.rel1.win32_1.0.100.202602081740/tools/bin/../lib/gcc/arm-none-eabi/14.3.1/../../../../arm-none-eabi/lib/thumb/v7e-m+fp/hard\libc_nano.a(libc_a-memcpy-stub.o)
                0x080098c2                memcpy
 .text.quorem   0x080098de      0x110 C:/ST/STM32CubeIDE_2.2.0/STM32CubeIDE/plugins/com.st.stm32cube.ide.mcu.externaltools.gnu-tools-for-stm32.14.3.rel1.win32_1.0.100.202602081740/tools/bin/../lib/gcc/arm-none-eabi/14.3.1/../../../../arm-none-eabi/lib/thumb/v7e-m+fp/hard\libc_nano.a(libc_a-dtoa.o)
 *fill*         0x080099ee        0x2 
 .text._dtoa_r  0x080099f0      0xbb8 C:/ST/STM32CubeIDE_2.2.0/STM32CubeIDE/plugins/com.st.stm32cube.ide.mcu.externaltools.gnu-tools-for-stm32.14.3.rel1.win32_1.0.100.202602081740/tools/bin/../lib/gcc/arm-none-eabi/14.3.1/../../../../arm-none-eabi/lib/thumb/v7e-m+fp/hard\libc_nano.a(libc_a-dtoa.o)
                0x080099f0                _dtoa_r
 .text._free_r  0x0800a5a8       0x94 C:/ST/STM32CubeIDE_2.2.0/STM32CubeIDE/plugins/com.st.stm32cube.ide.mcu.externaltools.gnu-tools-for-stm32.14.3.rel1.win32_1.0.100.202602081740/tools/bin/../lib/gcc/arm-none-eabi/14.3.1/../../../../arm-none-eabi/lib/thumb/v7e-m+fp/hard\libc_nano.a(libc_a-freer.o)
                0x0800a5a8                _free_r
 .text._Balloc  0x0800a63c       0x7c C:/ST/STM32CubeIDE_2.2.0/STM32CubeIDE/plugins/com.st.stm32cube.ide.mcu.externaltools.gnu-tools-for-stm32.14.3.rel1.win32_1.0.100.202602081740/tools/bin/../lib/gcc/arm-none-eabi/14.3.1/../../../../arm-none-eabi/lib/thumb/v7e-m+fp/hard\libc_nano.a(libc_a-mprec.o)
                0x0800a63c                _Balloc
 .text._Bfree   0x0800a6b8       0x44 C:/ST/STM32CubeIDE_2.2.0/STM32CubeIDE/plugins/com.st.stm32cube.ide.mcu.externaltools.gnu-tools-for-stm32.14.3.rel1.win32_1.0.100.202602081740/tools/bin/../lib/gcc/arm-none-eabi/14.3.1/../../../../arm-none-eabi/lib/thumb/v7e-m+fp/hard\libc_nano.a(libc_a-mprec.o)
                0x0800a6b8                _Bfree
 .text.__multadd
                0x0800a6fc       0x8c C:/ST/STM32CubeIDE_2.2.0/STM32CubeIDE/plugins/com.st.stm32cube.ide.mcu.externaltools.gnu-tools-for-stm32.14.3.rel1.win32_1.0.100.202602081740/tools/bin/../lib/gcc/arm-none-eabi/14.3.1/../../../../arm-none-eabi/lib/thumb/v7e-m+fp/hard\libc_nano.a(libc_a-mprec.o)
                0x0800a6fc                __multadd
 .text.__hi0bits
                0x0800a788       0x3e C:/ST/STM32CubeIDE_2.2.0/STM32CubeIDE/plugins/com.st.stm32cube.ide.mcu.externaltools.gnu-tools-for-stm32.14.3.rel1.win32_1.0.100.202602081740/tools/bin/../lib/gcc/arm-none-eabi/14.3.1/../../../../arm-none-eabi/lib/thumb/v7e-m+fp/hard\libc_nano.a(libc_a-mprec.o)
                0x0800a788                __hi0bits
 .text.__lo0bits
                0x0800a7c6       0x5a C:/ST/STM32CubeIDE_2.2.0/STM32CubeIDE/plugins/com.st.stm32cube.ide.mcu.externaltools.gnu-tools-for-stm32.14.3.rel1.win32_1.0.100.202602081740/tools/bin/../lib/gcc/arm-none-eabi/14.3.1/../../../../arm-none-eabi/lib/thumb/v7e-m+fp/hard\libc_nano.a(libc_a-mprec.o)
                0x0800a7c6                __lo0bits
 .text.__i2b    0x0800a820       0x2c C:/ST/STM32CubeIDE_2.2.0/STM32CubeIDE/plugins/com.st.stm32cube.ide.mcu.externaltools.gnu-tools-for-stm32.14.3.rel1.win32_1.0.100.202602081740/tools/bin/../lib/gcc/arm-none-eabi/14.3.1/../../../../arm-none-eabi/lib/thumb/v7e-m+fp/hard\libc_nano.a(libc_a-mprec.o)
                0x0800a820                __i2b
 .text.__multiply
                0x0800a84c      0x154 C:/ST/STM32CubeIDE_2.2.0/STM32CubeIDE/plugins/com.st.stm32cube.ide.mcu.externaltools.gnu-tools-for-stm32.14.3.rel1.win32_1.0.100.202602081740/tools/bin/../lib/gcc/arm-none-eabi/14.3.1/../../../../arm-none-eabi/lib/thumb/v7e-m+fp/hard\libc_nano.a(libc_a-mprec.o)
                0x0800a84c                __multiply
 .text.__pow5mult
                0x0800a9a0       0xb8 C:/ST/STM32CubeIDE_2.2.0/STM32CubeIDE/plugins/com.st.stm32cube.ide.mcu.externaltools.gnu-tools-for-stm32.14.3.rel1.win32_1.0.100.202602081740/tools/bin/../lib/gcc/arm-none-eabi/14.3.1/../../../../arm-none-eabi/lib/thumb/v7e-m+fp/hard\libc_nano.a(libc_a-mprec.o)
                0x0800a9a0                __pow5mult
 .text.__lshift
                0x0800aa58       0xdc C:/ST/STM32CubeIDE_2.2.0/STM32CubeIDE/plugins/com.st.stm32cube.ide.mcu.externaltools.gnu-tools-for-stm32.14.3.rel1.win32_1.0.100.202602081740/tools/bin/../lib/gcc/arm-none-eabi/14.3.1/../../../../arm-none-eabi/lib/thumb/v7e-m+fp/hard\libc_nano.a(libc_a-mprec.o)
                0x0800aa58                __lshift
 .text.__mcmp   0x0800ab34       0x36 C:/ST/STM32CubeIDE_2.2.0/STM32CubeIDE/plugins/com.st.stm32cube.ide.mcu.externaltools.gnu-tools-for-stm32.14.3.rel1.win32_1.0.100.202602081740/tools/bin/../lib/gcc/arm-none-eabi/14.3.1/../../../../arm-none-eabi/lib/thumb/v7e-m+fp/hard\libc_nano.a(libc_a-mprec.o)
                0x0800ab34                __mcmp
 *fill*         0x0800ab6a        0x2 
 .text.__mdiff  0x0800ab6c      0x130 C:/ST/STM32CubeIDE_2.2.0/STM32CubeIDE/plugins/com.st.stm32cube.ide.mcu.externaltools.gnu-tools-for-stm32.14.3.rel1.win32_1.0.100.202602081740/tools/bin/../lib/gcc/arm-none-eabi/14.3.1/../../../../arm-none-eabi/lib/thumb/v7e-m+fp/hard\libc_nano.a(libc_a-mprec.o)
                0x0800ab6c                __mdiff
 .text.__d2b    0x0800ac9c       0xb0 C:/ST/STM32CubeIDE_2.2.0/STM32CubeIDE/plugins/com.st.stm32cube.ide.mcu.externaltools.gnu-tools-for-stm32.14.3.rel1.win32_1.0.100.202602081740/tools/bin/../lib/gcc/arm-none-eabi/14.3.1/../../../../arm-none-eabi/lib/thumb/v7e-m+fp/hard\libc_nano.a(libc_a-mprec.o)
                0x0800ac9c                __d2b
 .text.__sfputc_r
                0x0800ad4c       0x2e C:/ST/STM32CubeIDE_2.2.0/STM32CubeIDE/plugins/com.st.stm32cube.ide.mcu.externaltools.gnu-tools-for-stm32.14.3.rel1.win32_1.0.100.202602081740/tools/bin/../lib/gcc/arm-none-eabi/14.3.1/../../../../arm-none-eabi/lib/thumb/v7e-m+fp/hard\libc_nano.a(libc_a-nano-vfprintf.o)
 .text.__sfputs_r
                0x0800ad7a       0x24 C:/ST/STM32CubeIDE_2.2.0/STM32CubeIDE/plugins/com.st.stm32cube.ide.mcu.externaltools.gnu-tools-for-stm32.14.3.rel1.win32_1.0.100.202602081740/tools/bin/../lib/gcc/arm-none-eabi/14.3.1/../../../../arm-none-eabi/lib/thumb/v7e-m+fp/hard\libc_nano.a(libc_a-nano-vfprintf.o)
                0x0800ad7a                __sfputs_r
 *fill*         0x0800ad9e        0x2 
 .text._vfprintf_r
                0x0800ada0      0x228 C:/ST/STM32CubeIDE_2.2.0/STM32CubeIDE/plugins/com.st.stm32cube.ide.mcu.externaltools.gnu-tools-for-stm32.14.3.rel1.win32_1.0.100.202602081740/tools/bin/../lib/gcc/arm-none-eabi/14.3.1/../../../../arm-none-eabi/lib/thumb/v7e-m+fp/hard\libc_nano.a(libc_a-nano-vfprintf.o)
                0x0800ada0                _vfprintf_r
                0x0800ada0                _vfiprintf_r
 .text.__sflush_r
                0x0800afc8      0x104 C:/ST/STM32CubeIDE_2.2.0/STM32CubeIDE/plugins/com.st.stm32cube.ide.mcu.externaltools.gnu-tools-for-stm32.14.3.rel1.win32_1.0.100.202602081740/tools/bin/../lib/gcc/arm-none-eabi/14.3.1/../../../../arm-none-eabi/lib/thumb/v7e-m+fp/hard\libc_nano.a(libc_a-fflush.o)
                0x0800afc8                __sflush_r
 .text._fflush_r
                0x0800b0cc       0x50 C:/ST/STM32CubeIDE_2.2.0/STM32CubeIDE/plugins/com.st.stm32cube.ide.mcu.externaltools.gnu-tools-for-stm32.14.3.rel1.win32_1.0.100.202602081740/tools/bin/../lib/gcc/arm-none-eabi/14.3.1/../../../../arm-none-eabi/lib/thumb/v7e-m+fp/hard\libc_nano.a(libc_a-fflush.o)
                0x0800b0cc                _fflush_r
 .text.__swhatbuf_r
                0x0800b11c       0x48 C:/ST/STM32CubeIDE_2.2.0/STM32CubeIDE/plugins/com.st.stm32cube.ide.mcu.externaltools.gnu-tools-for-stm32.14.3.rel1.win32_1.0.100.202602081740/tools/bin/../lib/gcc/arm-none-eabi/14.3.1/../../../../arm-none-eabi/lib/thumb/v7e-m+fp/hard\libc_nano.a(libc_a-makebuf.o)
                0x0800b11c                __swhatbuf_r
 .text.__smakebuf_r
                0x0800b164       0x72 C:/ST/STM32CubeIDE_2.2.0/STM32CubeIDE/plugins/com.st.stm32cube.ide.mcu.externaltools.gnu-tools-for-stm32.14.3.rel1.win32_1.0.100.202602081740/tools/bin/../lib/gcc/arm-none-eabi/14.3.1/../../../../arm-none-eabi/lib/thumb/v7e-m+fp/hard\libc_nano.a(libc_a-makebuf.o)
                0x0800b164                __smakebuf_r
 *fill*         0x0800b1d6        0x2 
 .text._fstat_r
                0x0800b1d8       0x24 C:/ST/STM32CubeIDE_2.2.0/STM32CubeIDE/plugins/com.st.stm32cube.ide.mcu.externaltools.gnu-tools-for-stm32.14.3.rel1.win32_1.0.100.202602081740/tools/bin/../lib/gcc/arm-none-eabi/14.3.1/../../../../arm-none-eabi/lib/thumb/v7e-m+fp/hard\libc_nano.a(libc_a-fstatr.o)
                0x0800b1d8                _fstat_r
 .text._isatty_r
                0x0800b1fc       0x20 C:/ST/STM32CubeIDE_2.2.0/STM32CubeIDE/plugins/com.st.stm32cube.ide.mcu.externaltools.gnu-tools-for-stm32.14.3.rel1.win32_1.0.100.202602081740/tools/bin/../lib/gcc/arm-none-eabi/14.3.1/../../../../arm-none-eabi/lib/thumb/v7e-m+fp/hard\libc_nano.a(libc_a-isattyr.o)
                0x0800b1fc                _isatty_r
 .text.__assert_func
                0x0800b21c       0x3c C:/ST/STM32CubeIDE_2.2.0/STM32CubeIDE/plugins/com.st.stm32cube.ide.mcu.externaltools.gnu-tools-for-stm32.14.3.rel1.win32_1.0.100.202602081740/tools/bin/../lib/gcc/arm-none-eabi/14.3.1/../../../../arm-none-eabi/lib/thumb/v7e-m+fp/hard\libc_nano.a(libc_a-assert.o)
                0x0800b21c                __assert_func
 .text._calloc_r
                0x0800b258       0x28 C:/ST/STM32CubeIDE_2.2.0/STM32CubeIDE/plugins/com.st.stm32cube.ide.mcu.externaltools.gnu-tools-for-stm32.14.3.rel1.win32_1.0.100.202602081740/tools/bin/../lib/gcc/arm-none-eabi/14.3.1/../../../../arm-none-eabi/lib/thumb/v7e-m+fp/hard\libc_nano.a(libc_a-callocr.o)
                0x0800b258                _calloc_r
 .text.__ascii_mbtowc
                0x0800b280       0x24 C:/ST/STM32CubeIDE_2.2.0/STM32CubeIDE/plugins/com.st.stm32cube.ide.mcu.externaltools.gnu-tools-for-stm32.14.3.rel1.win32_1.0.100.202602081740/tools/bin/../lib/gcc/arm-none-eabi/14.3.1/../../../../arm-none-eabi/lib/thumb/v7e-m+fp/hard\libc_nano.a(libc_a-mbtowc_r.o)
                0x0800b280                __ascii_mbtowc
 .text.__ascii_wctomb
                0x0800b2a4       0x1a C:/ST/STM32CubeIDE_2.2.0/STM32CubeIDE/plugins/com.st.stm32cube.ide.mcu.externaltools.gnu-tools-for-stm32.14.3.rel1.win32_1.0.100.202602081740/tools/bin/../lib/gcc/arm-none-eabi/14.3.1/../../../../arm-none-eabi/lib/thumb/v7e-m+fp/hard\libc_nano.a(libc_a-wctomb_r.o)
                0x0800b2a4                __ascii_wctomb
 *fill*         0x0800b2be        0x2 
 .text.fprintf  0x0800b2c0       0x24 C:/ST/STM32CubeIDE_2.2.0/STM32CubeIDE/plugins/com.st.stm32cube.ide.mcu.externaltools.gnu-tools-for-stm32.14.3.rel1.win32_1.0.100.202602081740/tools/bin/../lib/gcc/arm-none-eabi/14.3.1/../../../../arm-none-eabi/lib/thumb/v7e-m+fp/hard\libc_nano.a(libc_a-fprintf.o)
                0x0800b2c0                fiprintf
                0x0800b2c0                fprintf
 .text.abort    0x0800b2e4        0xe C:/ST/STM32CubeIDE_2.2.0/STM32CubeIDE/plugins/com.st.stm32cube.ide.mcu.externaltools.gnu-tools-for-stm32.14.3.rel1.win32_1.0.100.202602081740/tools/bin/../lib/gcc/arm-none-eabi/14.3.1/../../../../arm-none-eabi/lib/thumb/v7e-m+fp/hard\libc_nano.a(libc_a-abort.o)
                0x0800b2e4                abort
 .text._raise_r
                0x0800b2f2       0x50 C:/ST/STM32CubeIDE_2.2.0/STM32CubeIDE/plugins/com.st.stm32cube.ide.mcu.externaltools.gnu-tools-for-stm32.14.3.rel1.win32_1.0.100.202602081740/tools/bin/../lib/gcc/arm-none-eabi/14.3.1/../../../../arm-none-eabi/lib/thumb/v7e-m+fp/hard\libc_nano.a(libc_a-signal.o)
                0x0800b2f2                _raise_r
 *fill*         0x0800b342        0x2 
 .text.raise    0x0800b344       0x10 C:/ST/STM32CubeIDE_2.2.0/STM32CubeIDE/plugins/com.st.stm32cube.ide.mcu.externaltools.gnu-tools-for-stm32.14.3.rel1.win32_1.0.100.202602081740/tools/bin/../lib/gcc/arm-none-eabi/14.3.1/../../../../arm-none-eabi/lib/thumb/v7e-m+fp/hard\libc_nano.a(libc_a-signal.o)
                0x0800b344                raise
 .text._kill_r  0x0800b354       0x24 C:/ST/STM32CubeIDE_2.2.0/STM32CubeIDE/plugins/com.st.stm32cube.ide.mcu.externaltools.gnu-tools-for-stm32.14.3.rel1.win32_1.0.100.202602081740/tools/bin/../lib/gcc/arm-none-eabi/14.3.1/../../../../arm-none-eabi/lib/thumb/v7e-m+fp/hard\libc_nano.a(libc_a-signalr.o)
                0x0800b354                _kill_r
 .text._getpid_r
                0x0800b378        0x4 C:/ST/STM32CubeIDE_2.2.0/STM32CubeIDE/plugins/com.st.stm32cube.ide.mcu.externaltools.gnu-tools-for-stm32.14.3.rel1.win32_1.0.100.202602081740/tools/bin/../lib/gcc/arm-none-eabi/14.3.1/../../../../arm-none-eabi/lib/thumb/v7e-m+fp/hard\libc_nano.a(libc_a-signalr.o)
                0x0800b378                _getpid_r
 .text.expf     0x0800b37c       0x78 C:/ST/STM32CubeIDE_2.2.0/STM32CubeIDE/plugins/com.st.stm32cube.ide.mcu.externaltools.gnu-tools-for-stm32.14.3.rel1.win32_1.0.100.202602081740/tools/bin/../lib/gcc/arm-none-eabi/14.3.1/../../../../arm-none-eabi/lib/thumb/v7e-m+fp/hard\libm.a(libm_a-wf_exp.o)
                0x0800b37c                expf
 .text.finitef  0x0800b3f4       0x14 C:/ST/STM32CubeIDE_2.2.0/STM32CubeIDE/plugins/com.st.stm32cube.ide.mcu.externaltools.gnu-tools-for-stm32.14.3.rel1.win32_1.0.100.202602081740/tools/bin/../lib/gcc/arm-none-eabi/14.3.1/../../../../arm-none-eabi/lib/thumb/v7e-m+fp/hard\libm.a(libm_a-sf_finite.o)
                0x0800b3f4                finitef
 .text.with_errnof
                0x0800b408       0x1c C:/ST/STM32CubeIDE_2.2.0/STM32CubeIDE/plugins/com.st.stm32cube.ide.mcu.externaltools.gnu-tools-for-stm32.14.3.rel1.win32_1.0.100.202602081740/tools/bin/../lib/gcc/arm-none-eabi/14.3.1/../../../../arm-none-eabi/lib/thumb/v7e-m+fp/hard\libm.a(libm_a-math_errf.o)
 .text.xflowf   0x0800b424       0x20 C:/ST/STM32CubeIDE_2.2.0/STM32CubeIDE/plugins/com.st.stm32cube.ide.mcu.externaltools.gnu-tools-for-stm32.14.3.rel1.win32_1.0.100.202602081740/tools/bin/../lib/gcc/arm-none-eabi/14.3.1/../../../../arm-none-eabi/lib/thumb/v7e-m+fp/hard\libm.a(libm_a-math_errf.o)
 .text.__math_uflowf
                0x0800b444        0xc C:/ST/STM32CubeIDE_2.2.0/STM32CubeIDE/plugins/com.st.stm32cube.ide.mcu.externaltools.gnu-tools-for-stm32.14.3.rel1.win32_1.0.100.202602081740/tools/bin/../lib/gcc/arm-none-eabi/14.3.1/../../../../arm-none-eabi/lib/thumb/v7e-m+fp/hard\libm.a(libm_a-math_errf.o)
                0x0800b444                __math_uflowf
 .text.__math_oflowf
                0x0800b450        0xc C:/ST/STM32CubeIDE_2.2.0/STM32CubeIDE/plugins/com.st.stm32cube.ide.mcu.externaltools.gnu-tools-for-stm32.14.3.rel1.win32_1.0.100.202602081740/tools/bin/../lib/gcc/arm-none-eabi/14.3.1/../../../../arm-none-eabi/lib/thumb/v7e-m+fp/hard\libm.a(libm_a-math_errf.o)
                0x0800b450                __math_oflowf
 .text.__ieee754_expf
                0x0800b45c      0x1e8 C:/ST/STM32CubeIDE_2.2.0/STM32CubeIDE/plugins/com.st.stm32cube.ide.mcu.externaltools.gnu-tools-for-stm32.14.3.rel1.win32_1.0.100.202602081740/tools/bin/../lib/gcc/arm-none-eabi/14.3.1/../../../../arm-none-eabi/lib/thumb/v7e-m+fp/hard\libm.a(libm_a-ef_exp.o)
                0x0800b45c                __ieee754_expf
 *(.glue_7)
 .glue_7        0x0800b644        0x0 linker stubs
 *(.glue_7t)
 .glue_7t       0x0800b644        0x0 linker stubs
 *(.eh_frame)
 .eh_frame      0x0800b644        0x0 C:/ST/STM32CubeIDE_2.2.0/STM32CubeIDE/plugins/com.st.stm32cube.ide.mcu.externaltools.gnu-tools-for-stm32.14.3.rel1.win32_1.0.100.202602081740/tools/bin/../lib/gcc/arm-none-eabi/14.3.1/thumb/v7e-m+fp/hard/crtbegin.o
 *(.init)
 .init          0x0800b644        0x4 C:/ST/STM32CubeIDE_2.2.0/STM32CubeIDE/plugins/com.st.stm32cube.ide.mcu.externaltools.gnu-tools-for-stm32.14.3.rel1.win32_1.0.100.202602081740/tools/bin/../lib/gcc/arm-none-eabi/14.3.1/thumb/v7e-m+fp/hard/crti.o
                0x0800b644                _init
 .init          0x0800b648        0x8 C:/ST/STM32CubeIDE_2.2.0/STM32CubeIDE/plugins/com.st.stm32cube.ide.mcu.externaltools.gnu-tools-for-stm32.14.3.rel1.win32_1.0.100.202602081740/tools/bin/../lib/gcc/arm-none-eabi/14.3.1/thumb/v7e-m+fp/hard/crtn.o
 *(.fini)
 .fini          0x0800b650        0x4 C:/ST/STM32CubeIDE_2.2.0/STM32CubeIDE/plugins/com.st.stm32cube.ide.mcu.externaltools.gnu-tools-for-stm32.14.3.rel1.win32_1.0.100.202602081740/tools/bin/../lib/gcc/arm-none-eabi/14.3.1/thumb/v7e-m+fp/hard/crti.o
                0x0800b650                _fini
 .fini          0x0800b654        0x8 C:/ST/STM32CubeIDE_2.2.0/STM32CubeIDE/plugins/com.st.stm32cube.ide.mcu.externaltools.gnu-tools-for-stm32.14.3.rel1.win32_1.0.100.202602081740/tools/bin/../lib/gcc/arm-none-eabi/14.3.1/thumb/v7e-m+fp/hard/crtn.o
                0x0800b65c                        . = ALIGN (0x4)
                0x0800b65c                        _etext = .

.vfp11_veneer   0x0800b65c        0x0
 .vfp11_veneer  0x0800b65c        0x0 linker stubs

.v4_bx          0x0800b65c        0x0
 .v4_bx         0x0800b65c        0x0 linker stubs

.iplt           0x0800b65c        0x0
 .iplt          0x0800b65c        0x0 C:/ST/STM32CubeIDE_2.2.0/STM32CubeIDE/plugins/com.st.stm32cube.ide.mcu.externaltools.gnu-tools-for-stm32.14.3.rel1.win32_1.0.100.202602081740/tools/bin/../lib/gcc/arm-none-eabi/14.3.1/thumb/v7e-m+fp/hard/crtbegin.o

.rodata         0x0800b660     0xc1a4
                0x0800b660                        . = ALIGN (0x4)
 *(.rodata)
 .rodata        0x0800b660       0x9c ./Application/User/Core/main.o
 .rodata        0x0800b6fc       0x30 ./Application/User/X-CUBE-AI/App/network_data.o
 *(.rodata*)
 .rodata.nl_12_chain
                0x0800b72c        0x8 ./Application/User/X-CUBE-AI/App/network.o
 .rodata.gemm_11_chain
                0x0800b734        0x8 ./Application/User/X-CUBE-AI/App/network.o
 .rodata.nl_10_nl_chain
                0x0800b73c        0x8 ./Application/User/X-CUBE-AI/App/network.o
 .rodata.gemm_10_chain
                0x0800b744        0x8 ./Application/User/X-CUBE-AI/App/network.o
 .rodata.nl_4_nl_chain
                0x0800b74c        0x8 ./Application/User/X-CUBE-AI/App/network.o
 .rodata.conv2d_4_chain
                0x0800b754        0x8 ./Application/User/X-CUBE-AI/App/network.o
 .rodata.nl_1_nl_chain
                0x0800b75c        0x8 ./Application/User/X-CUBE-AI/App/network.o
 .rodata.conv2d_1_chain
                0x0800b764        0x8 ./Application/User/X-CUBE-AI/App/network.o
 *fill*         0x0800b76c       0x14 
 .rodata.s_network_weights_array_u64
                0x0800b780     0xbcb0 ./Application/User/X-CUBE-AI/App/network_data_params.o
                0x0800b780                s_network_weights_array_u64
 .rodata.AHBPrescTable
                0x08017430       0x10 ./Drivers/CMSIS/system_stm32l4xx.o
                0x08017430                AHBPrescTable
 .rodata.APBPrescTable
                0x08017440        0x8 ./Drivers/CMSIS/system_stm32l4xx.o
                0x08017440                APBPrescTable
 .rodata.MSIRangeTable
                0x08017448       0x30 ./Drivers/CMSIS/system_stm32l4xx.o
                0x08017448                MSIRangeTable
 .rodata._printf_float.str1.1
                0x08017478      0x171 C:/ST/STM32CubeIDE_2.2.0/STM32CubeIDE/plugins/com.st.stm32cube.ide.mcu.externaltools.gnu-tools-for-stm32.14.3.rel1.win32_1.0.100.202602081740/tools/bin/../lib/gcc/arm-none-eabi/14.3.1/../../../../arm-none-eabi/lib/thumb/v7e-m+fp/hard\libc_nano.a(libc_a-nano-vfprintf_float.o)
                                 0x12 (size before relaxing)
 .rodata._printf_i.str1.1
                0x080175e9       0x22 C:/ST/STM32CubeIDE_2.2.0/STM32CubeIDE/plugins/com.st.stm32cube.ide.mcu.externaltools.gnu-tools-for-stm32.14.3.rel1.win32_1.0.100.202602081740/tools/bin/../lib/gcc/arm-none-eabi/14.3.1/../../../../arm-none-eabi/lib/thumb/v7e-m+fp/hard\libc_nano.a(libc_a-nano-vfprintf_i.o)
 .rodata._dtoa_r.str1.1
                0x080175e9       0x8f C:/ST/STM32CubeIDE_2.2.0/STM32CubeIDE/plugins/com.st.stm32cube.ide.mcu.externaltools.gnu-tools-for-stm32.14.3.rel1.win32_1.0.100.202602081740/tools/bin/../lib/gcc/arm-none-eabi/14.3.1/../../../../arm-none-eabi/lib/thumb/v7e-m+fp/hard\libc_nano.a(libc_a-dtoa.o)
 .rodata._Balloc.str1.1
                0x080175e9       0x70 C:/ST/STM32CubeIDE_2.2.0/STM32CubeIDE/plugins/com.st.stm32cube.ide.mcu.externaltools.gnu-tools-for-stm32.14.3.rel1.win32_1.0.100.202602081740/tools/bin/../lib/gcc/arm-none-eabi/14.3.1/../../../../arm-none-eabi/lib/thumb/v7e-m+fp/hard\libc_nano.a(libc_a-mprec.o)
 .rodata.__multadd.str1.1
                0x080175e9       0x11 C:/ST/STM32CubeIDE_2.2.0/STM32CubeIDE/plugins/com.st.stm32cube.ide.mcu.externaltools.gnu-tools-for-stm32.14.3.rel1.win32_1.0.100.202602081740/tools/bin/../lib/gcc/arm-none-eabi/14.3.1/../../../../arm-none-eabi/lib/thumb/v7e-m+fp/hard\libc_nano.a(libc_a-mprec.o)
 *fill*         0x080175e9        0x3 
 .rodata.p05.0  0x080175ec        0xc C:/ST/STM32CubeIDE_2.2.0/STM32CubeIDE/plugins/com.st.stm32cube.ide.mcu.externaltools.gnu-tools-for-stm32.14.3.rel1.win32_1.0.100.202602081740/tools/bin/../lib/gcc/arm-none-eabi/14.3.1/../../../../arm-none-eabi/lib/thumb/v7e-m+fp/hard\libc_nano.a(libc_a-mprec.o)
 .rodata.__mprec_bigtens
                0x080175f8       0x28 C:/ST/STM32CubeIDE_2.2.0/STM32CubeIDE/plugins/com.st.stm32cube.ide.mcu.externaltools.gnu-tools-for-stm32.14.3.rel1.win32_1.0.100.202602081740/tools/bin/../lib/gcc/arm-none-eabi/14.3.1/../../../../arm-none-eabi/lib/thumb/v7e-m+fp/hard\libc_nano.a(libc_a-mprec.o)
                0x080175f8                __mprec_bigtens
 .rodata.__mprec_tens
                0x08017620       0xc8 C:/ST/STM32CubeIDE_2.2.0/STM32CubeIDE/plugins/com.st.stm32cube.ide.mcu.externaltools.gnu-tools-for-stm32.14.3.rel1.win32_1.0.100.202602081740/tools/bin/../lib/gcc/arm-none-eabi/14.3.1/../../../../arm-none-eabi/lib/thumb/v7e-m+fp/hard\libc_nano.a(libc_a-mprec.o)
                0x08017620                __mprec_tens
 .rodata._vfprintf_r.str1.1
                0x080176e8       0x11 C:/ST/STM32CubeIDE_2.2.0/STM32CubeIDE/plugins/com.st.stm32cube.ide.mcu.externaltools.gnu-tools-for-stm32.14.3.rel1.win32_1.0.100.202602081740/tools/bin/../lib/gcc/arm-none-eabi/14.3.1/../../../../arm-none-eabi/lib/thumb/v7e-m+fp/hard\libc_nano.a(libc_a-nano-vfprintf.o)
 .rodata._setlocale_r.str1.1
                0x080176e8        0x9 C:/ST/STM32CubeIDE_2.2.0/STM32CubeIDE/plugins/com.st.stm32cube.ide.mcu.externaltools.gnu-tools-for-stm32.14.3.rel1.win32_1.0.100.202602081740/tools/bin/../lib/gcc/arm-none-eabi/14.3.1/../../../../arm-none-eabi/lib/thumb/v7e-m+fp/hard\libc_nano.a(libc_a-locale.o)
 .rodata.str1.1
                0x080176e8        0x2 C:/ST/STM32CubeIDE_2.2.0/STM32CubeIDE/plugins/com.st.stm32cube.ide.mcu.externaltools.gnu-tools-for-stm32.14.3.rel1.win32_1.0.100.202602081740/tools/bin/../lib/gcc/arm-none-eabi/14.3.1/../../../../arm-none-eabi/lib/thumb/v7e-m+fp/hard\libc_nano.a(libc_a-locale.o)
 .rodata.__assert_func.str1.1
                0x080176e8       0x3d C:/ST/STM32CubeIDE_2.2.0/STM32CubeIDE/plugins/com.st.stm32cube.ide.mcu.externaltools.gnu-tools-for-stm32.14.3.rel1.win32_1.0.100.202602081740/tools/bin/../lib/gcc/arm-none-eabi/14.3.1/../../../../arm-none-eabi/lib/thumb/v7e-m+fp/hard\libc_nano.a(libc_a-assert.o)
 .rodata._ctype_
                0x080176e8      0x101 C:/ST/STM32CubeIDE_2.2.0/STM32CubeIDE/plugins/com.st.stm32cube.ide.mcu.externaltools.gnu-tools-for-stm32.14.3.rel1.win32_1.0.100.202602081740/tools/bin/../lib/gcc/arm-none-eabi/14.3.1/../../../../arm-none-eabi/lib/thumb/v7e-m+fp/hard\libc_nano.a(libc_a-ctype_.o)
                0x080176e8                _ctype_
 *fill*         0x080177e9        0x3 
 .rodata.ln2LO  0x080177ec        0x8 C:/ST/STM32CubeIDE_2.2.0/STM32CubeIDE/plugins/com.st.stm32cube.ide.mcu.externaltools.gnu-tools-for-stm32.14.3.rel1.win32_1.0.100.202602081740/tools/bin/../lib/gcc/arm-none-eabi/14.3.1/../../../../arm-none-eabi/lib/thumb/v7e-m+fp/hard\libm.a(libm_a-ef_exp.o)
 .rodata.ln2HI  0x080177f4        0x8 C:/ST/STM32CubeIDE_2.2.0/STM32CubeIDE/plugins/com.st.stm32cube.ide.mcu.externaltools.gnu-tools-for-stm32.14.3.rel1.win32_1.0.100.202602081740/tools/bin/../lib/gcc/arm-none-eabi/14.3.1/../../../../arm-none-eabi/lib/thumb/v7e-m+fp/hard\libm.a(libm_a-ef_exp.o)
 .rodata.halF   0x080177fc        0x8 C:/ST/STM32CubeIDE_2.2.0/STM32CubeIDE/plugins/com.st.stm32cube.ide.mcu.externaltools.gnu-tools-for-stm32.14.3.rel1.win32_1.0.100.202602081740/tools/bin/../lib/gcc/arm-none-eabi/14.3.1/../../../../arm-none-eabi/lib/thumb/v7e-m+fp/hard\libm.a(libm_a-ef_exp.o)
                0x08017804                        . = ALIGN (0x4)

.ARM.extab      0x08017804        0x0
                0x08017804                        . = ALIGN (0x4)
 *(.ARM.extab* .gnu.linkonce.armextab.*)
                0x08017804                        . = ALIGN (0x4)

.ARM            0x08017804        0x8
                0x08017804                        . = ALIGN (0x4)
                0x08017804                        __exidx_start = .
 *(.ARM.exidx*)
 .ARM.exidx     0x08017804        0x8 C:/ST/STM32CubeIDE_2.2.0/STM32CubeIDE/plugins/com.st.stm32cube.ide.mcu.externaltools.gnu-tools-for-stm32.14.3.rel1.win32_1.0.100.202602081740/tools/bin/../lib/gcc/arm-none-eabi/14.3.1/../../../../arm-none-eabi/lib/thumb/v7e-m+fp/hard\libc_nano.a(libc_a-memchr.o)
 .ARM.exidx     0x0801780c        0x0 C:/ST/STM32CubeIDE_2.2.0/STM32CubeIDE/plugins/com.st.stm32cube.ide.mcu.externaltools.gnu-tools-for-stm32.14.3.rel1.win32_1.0.100.202602081740/tools/bin/../lib/gcc/arm-none-eabi/14.3.1/../../../../arm-none-eabi/lib/thumb/v7e-m+fp/hard\libc_nano.a(libc_a-strlen.o)
                                  0x8 (size before relaxing)
 .ARM.exidx     0x0801780c        0x0 C:/ST/STM32CubeIDE_2.2.0/STM32CubeIDE/plugins/com.st.stm32cube.ide.mcu.externaltools.gnu-tools-for-stm32.14.3.rel1.win32_1.0.100.202602081740/tools/bin/../lib/gcc/arm-none-eabi/14.3.1/thumb/v7e-m+fp/hard\libgcc.a(_udivmoddi4.o)
                                  0x8 (size before relaxing)
                0x0801780c                        __exidx_end = .
                0x0801780c                        . = ALIGN (0x4)

.preinit_array  0x0801780c        0x0
                0x0801780c                        . = ALIGN (0x4)
                0x0801780c                        PROVIDE (__preinit_array_start = .)
 *(.preinit_array*)
                0x0801780c                        PROVIDE (__preinit_array_end = .)
                0x0801780c                        . = ALIGN (0x4)

.init_array     0x0801780c        0x4
                0x0801780c                        . = ALIGN (0x4)
                0x0801780c                        PROVIDE (__init_array_start = .)
 *(SORT_BY_NAME(.init_array.*))
 *(.init_array*)
 .init_array    0x0801780c        0x4 C:/ST/STM32CubeIDE_2.2.0/STM32CubeIDE/plugins/com.st.stm32cube.ide.mcu.externaltools.gnu-tools-for-stm32.14.3.rel1.win32_1.0.100.202602081740/tools/bin/../lib/gcc/arm-none-eabi/14.3.1/thumb/v7e-m+fp/hard/crtbegin.o
                0x08017810                        PROVIDE (__init_array_end = .)
                0x08017810                        . = ALIGN (0x4)

.fini_array     0x08017810        0x4
                0x08017810                        . = ALIGN (0x4)
                [!provide]                        PROVIDE (__fini_array_start = .)
 *(SORT_BY_NAME(.fini_array.*))
 *(.fini_array*)
 .fini_array    0x08017810        0x4 C:/ST/STM32CubeIDE_2.2.0/STM32CubeIDE/plugins/com.st.stm32cube.ide.mcu.externaltools.gnu-tools-for-stm32.14.3.rel1.win32_1.0.100.202602081740/tools/bin/../lib/gcc/arm-none-eabi/14.3.1/thumb/v7e-m+fp/hard/crtbegin.o
                [!provide]                        PROVIDE (__fini_array_end = .)
                0x08017814                        . = ALIGN (0x4)
                0x08017814                        _sidata = LOADADDR (.data)

.rel.dyn        0x08017814        0x0
 .rel.iplt      0x08017814        0x0 C:/ST/STM32CubeIDE_2.2.0/STM32CubeIDE/plugins/com.st.stm32cube.ide.mcu.externaltools.gnu-tools-for-stm32.14.3.rel1.win32_1.0.100.202602081740/tools/bin/../lib/gcc/arm-none-eabi/14.3.1/thumb/v7e-m+fp/hard/crtbegin.o

.data           0x20000000      0xc6c load address 0x08017814
                0x20000000                        . = ALIGN (0x4)
                0x20000000                        _sdata = .
 *(.data)
 *(.data*)
 .data.activities
                0x20000000        0xc ./Application/User/Core/main.o
                0x20000000                activities
 .data.serving_default_keras_tensor0_output_array
                0x2000000c       0x10 ./Application/User/X-CUBE-AI/App/network.o
 .data.conv2d_1_output_array
                0x2000001c       0x10 ./Application/User/X-CUBE-AI/App/network.o
 .data.nl_1_nl_output_array
                0x2000002c       0x10 ./Application/User/X-CUBE-AI/App/network.o
 .data.conv2d_4_output_array
                0x2000003c       0x10 ./Application/User/X-CUBE-AI/App/network.o
 .data.nl_4_nl_output_array
                0x2000004c       0x10 ./Application/User/X-CUBE-AI/App/network.o
 .data.gemm_10_output_array
                0x2000005c       0x10 ./Application/User/X-CUBE-AI/App/network.o
 .data.nl_10_nl_output_array
                0x2000006c       0x10 ./Application/User/X-CUBE-AI/App/network.o
 .data.gemm_11_output_array
                0x2000007c       0x10 ./Application/User/X-CUBE-AI/App/network.o
 .data.nl_12_output_array
                0x2000008c       0x10 ./Application/User/X-CUBE-AI/App/network.o
 .data.conv2d_1_weights_array
                0x2000009c       0x10 ./Application/User/X-CUBE-AI/App/network.o
 .data.conv2d_1_bias_array
                0x200000ac       0x10 ./Application/User/X-CUBE-AI/App/network.o
 .data.conv2d_4_weights_array
                0x200000bc       0x10 ./Application/User/X-CUBE-AI/App/network.o
 .data.conv2d_4_bias_array
                0x200000cc       0x10 ./Application/User/X-CUBE-AI/App/network.o
 .data.gemm_10_weights_array
                0x200000dc       0x10 ./Application/User/X-CUBE-AI/App/network.o
 .data.gemm_10_bias_array
                0x200000ec       0x10 ./Application/User/X-CUBE-AI/App/network.o
 .data.gemm_11_weights_array
                0x200000fc       0x10 ./Application/User/X-CUBE-AI/App/network.o
 .data.gemm_11_bias_array
                0x2000010c       0x10 ./Application/User/X-CUBE-AI/App/network.o
 .data.conv2d_1_scratch0_array
                0x2000011c       0x10 ./Application/User/X-CUBE-AI/App/network.o
 .data.conv2d_4_scratch0_array
                0x2000012c       0x10 ./Application/User/X-CUBE-AI/App/network.o
 .data.__compound_literal.0
                0x2000013c       0x10 ./Application/User/X-CUBE-AI/App/network.o
 .data.__compound_literal.1
                0x2000014c       0x10 ./Application/User/X-CUBE-AI/App/network.o
 .data.conv2d_1_bias
                0x2000015c       0x1c ./Application/User/X-CUBE-AI/App/network.o
 .data.__compound_literal.2
                0x20000178       0x10 ./Application/User/X-CUBE-AI/App/network.o
 .data.__compound_literal.3
                0x20000188       0x10 ./Application/User/X-CUBE-AI/App/network.o
 .data.conv2d_1_output
                0x20000198       0x1c ./Application/User/X-CUBE-AI/App/network.o
 .data.__compound_literal.4
                0x200001b4       0x10 ./Application/User/X-CUBE-AI/App/network.o
 .data.__compound_literal.5
                0x200001c4       0x10 ./Application/User/X-CUBE-AI/App/network.o
 .data.conv2d_1_scratch0
                0x200001d4       0x1c ./Application/User/X-CUBE-AI/App/network.o
 .data.__compound_literal.6
                0x200001f0       0x10 ./Application/User/X-CUBE-AI/App/network.o
 .data.__compound_literal.7
                0x20000200       0x10 ./Application/User/X-CUBE-AI/App/network.o
 .data.conv2d_1_weights
                0x20000210       0x1c ./Application/User/X-CUBE-AI/App/network.o
 .data.__compound_literal.8
                0x2000022c       0x10 ./Application/User/X-CUBE-AI/App/network.o
 .data.__compound_literal.9
                0x2000023c       0x10 ./Application/User/X-CUBE-AI/App/network.o
 .data.conv2d_4_bias
                0x2000024c       0x1c ./Application/User/X-CUBE-AI/App/network.o
 .data.__compound_literal.10
                0x20000268       0x10 ./Application/User/X-CUBE-AI/App/network.o
 .data.__compound_literal.11
                0x20000278       0x10 ./Application/User/X-CUBE-AI/App/network.o
 .data.conv2d_4_output
                0x20000288       0x1c ./Application/User/X-CUBE-AI/App/network.o
 .data.__compound_literal.12
                0x200002a4       0x10 ./Application/User/X-CUBE-AI/App/network.o
 .data.__compound_literal.13
                0x200002b4       0x10 ./Application/User/X-CUBE-AI/App/network.o
 .data.conv2d_4_scratch0
                0x200002c4       0x1c ./Application/User/X-CUBE-AI/App/network.o
 .data.__compound_literal.14
                0x200002e0       0x10 ./Application/User/X-CUBE-AI/App/network.o
 .data.__compound_literal.15
                0x200002f0       0x10 ./Application/User/X-CUBE-AI/App/network.o
 .data.conv2d_4_weights
                0x20000300       0x1c ./Application/User/X-CUBE-AI/App/network.o
 .data.__compound_literal.16
                0x2000031c       0x10 ./Application/User/X-CUBE-AI/App/network.o
 .data.__compound_literal.17
                0x2000032c       0x10 ./Application/User/X-CUBE-AI/App/network.o
 .data.gemm_10_bias
                0x2000033c       0x1c ./Application/User/X-CUBE-AI/App/network.o
 .data.__compound_literal.18
                0x20000358       0x10 ./Application/User/X-CUBE-AI/App/network.o
 .data.__compound_literal.19
                0x20000368       0x10 ./Application/User/X-CUBE-AI/App/network.o
 .data.gemm_10_output
                0x20000378       0x1c ./Application/User/X-CUBE-AI/App/network.o
 .data.__compound_literal.20
                0x20000394       0x10 ./Application/User/X-CUBE-AI/App/network.o
 .data.__compound_literal.21
                0x200003a4       0x10 ./Application/User/X-CUBE-AI/App/network.o
 .data.gemm_10_weights
                0x200003b4       0x1c ./Application/User/X-CUBE-AI/App/network.o
 .data.__compound_literal.22
                0x200003d0       0x10 ./Application/User/X-CUBE-AI/App/network.o
 .data.__compound_literal.23
                0x200003e0       0x10 ./Application/User/X-CUBE-AI/App/network.o
 .data.gemm_11_bias
                0x200003f0       0x1c ./Application/User/X-CUBE-AI/App/network.o
 .data.__compound_literal.24
                0x2000040c       0x10 ./Application/User/X-CUBE-AI/App/network.o
 .data.__compound_literal.25