../Core/Src/main.c:63:13:GPIO_RestoreAfterTouch	1
../Core/Src/main.c:98:13:GPIO_Output	1
../Core/Src/main.c:112:13:GPIO_Analog	1
../Core/Src/main.c:123:13:GPIO_Input	1
../Core/Src/main.c:134:17:ADC_Read	1
../Core/Src/main.c:154:10:TS_ReadPressure	2
../Core/Src/main.c:171:9:TS_IsTouched	3
../Core/Src/main.c:180:10:TS_ReadX	2
../Core/Src/main.c:194:10:TS_ReadY	2
../Core/Src/main.c:207:17:TS_ReadX_Avg	2
../Core/Src/main.c:218:17:TS_ReadY_Avg	2
../Core/Src/main.c:229:16:map_value	1
../Core/Src/main.c:241:9:TS_GetState	6
../Core/Src/main.c:331:5:main	1
../Core/Src/main.c:384:6:SystemClock_Config	3
../Core/Src/main.c:431:13:MX_ADC1_Init	3
../Core/Src/main.c:483:13:MX_CRC_Init	2
../Core/Src/main.c:509:13:MX_GPIO_Init	1
../Core/Src/main.c:579:6:Error_Handler	1
