C:/Users/montanab/Insper/LabAIHAR_datalog/Core/Src/main.c:69:9:lsm6dsl_from_fs4_to_mg	1
C:/Users/montanab/Insper/LabAIHAR_datalog/Core/Src/main.c:79:5:main	4
C:/Users/montanab/Insper/LabAIHAR_datalog/Core/Src/main.c:145:6:SystemClock_Config	4
C:/Users/montanab/Insper/LabAIHAR_datalog/Core/Src/main.c:196:13:MX_USART1_UART_Init	2
C:/Users/montanab/Insper/LabAIHAR_datalog/Core/Src/main.c:231:13:MX_GPIO_Init	1
C:/Users/montanab/Insper/LabAIHAR_datalog/Core/Src/main.c:258:13:MEMS_Init	2
C:/Users/montanab/Insper/LabAIHAR_datalog/Core/Src/main.c:294:6:HAL_GPIO_EXTI_Callback	2
C:/Users/montanab/Insper/LabAIHAR_datalog/Core/Src/main.c:301:5:_write	1
C:/Users/montanab/Insper/LabAIHAR_datalog/Core/Src/main.c:312:6:Error_Handler	1
