C:/Users/montanab/Insper/LabAIHAR_datalog/Core/Src/main.c:73:9:lsm6dsl_from_fs4_to_mg	1
C:/Users/montanab/Insper/LabAIHAR_datalog/Core/Src/main.c:78:6:fill_buffer	3
C:/Users/montanab/Insper/LabAIHAR_datalog/Core/Src/main.c:107:5:main	1
C:/Users/montanab/Insper/LabAIHAR_datalog/Core/Src/main.c:163:6:SystemClock_Config	4
C:/Users/montanab/Insper/LabAIHAR_datalog/Core/Src/main.c:214:13:MX_USART1_UART_Init	2
C:/Users/montanab/Insper/LabAIHAR_datalog/Core/Src/main.c:249:13:MX_GPIO_Init	1
C:/Users/montanab/Insper/LabAIHAR_datalog/Core/Src/main.c:276:13:MEMS_Init	2
C:/Users/montanab/Insper/LabAIHAR_datalog/Core/Src/main.c:312:6:HAL_GPIO_EXTI_Callback	2
C:/Users/montanab/Insper/LabAIHAR_datalog/Core/Src/main.c:319:5:_write	1
C:/Users/montanab/Insper/LabAIHAR_datalog/Core/Src/main.c:330:6:Error_Handler	1
