../Middlewares/ST/touchgfx/framework/include/touchgfx/Drawable.hpp:515:10:void touchgfx::Drawable::setVisible(bool)	16	static
../Middlewares/ST/touchgfx/framework/include/touchgfx/Screen.hpp:104:18:virtual void touchgfx::Screen::afterTransition()	16	static
../Middlewares/ST/touchgfx/framework/include/touchgfx/Screen.hpp:115:18:virtual void touchgfx::Screen::tearDownScreen()	16	static
../Middlewares/ST/touchgfx/framework/include/touchgfx/Screen.hpp:154:18:virtual void touchgfx::Screen::handleKeyEvent(uint8_t)	16	static
../TouchGFX/gui/include/gui/screen1_screen/Screen1View.hpp:11:13:Screen1View::~Screen1View()	16	static
../TouchGFX/gui/include/gui/screen1_screen/Screen1View.hpp:11:13:virtual Screen1View::~Screen1View()	16	static
../TouchGFX/gui/src/screen1_screen/Screen1View.cpp:6:1:Screen1View::Screen1View()	16	static
../TouchGFX/gui/src/screen1_screen/Screen1View.cpp:10:6:virtual void Screen1View::handleTickEvent()	16	static
../TouchGFX/gui/src/screen1_screen/Screen1View.cpp:25:6:virtual void Screen1View::setupScreen()	16	static
../TouchGFX/gui/src/screen1_screen/Screen1View.cpp:30:6:virtual void Screen1View::tearDownScreen()	16	static
../TouchGFX/gui/src/screen1_screen/Screen1View.cpp:36:6:virtual void Screen1View::TicTacToeAddCircle(uint8_t)	16	static
../TouchGFX/gui/src/screen1_screen/Screen1View.cpp:81:6:virtual void Screen1View::TicTacToeAddX(uint8_t)	16	static
../TouchGFX/gui/src/screen1_screen/Screen1View.cpp:152:6:virtual void Screen1View::PlaceX1()	16	static
../TouchGFX/gui/src/screen1_screen/Screen1View.cpp:157:6:virtual void Screen1View::PlaceX2()	16	static
../TouchGFX/gui/src/screen1_screen/Screen1View.cpp:162:6:virtual void Screen1View::PlaceX3()	16	static
../TouchGFX/gui/src/screen1_screen/Screen1View.cpp:167:6:virtual void Screen1View::PlaceX4()	16	static
../TouchGFX/gui/src/screen1_screen/Screen1View.cpp:172:6:virtual void Screen1View::PlaceX5()	16	static
../TouchGFX/gui/src/screen1_screen/Screen1View.cpp:177:6:virtual void Screen1View::PlaceX6()	16	static
../TouchGFX/gui/src/screen1_screen/Screen1View.cpp:182:6:virtual void Screen1View::PlaceX7()	16	static
../TouchGFX/gui/src/screen1_screen/Screen1View.cpp:187:6:virtual void Screen1View::PlaceX8()	16	static
../TouchGFX/gui/src/screen1_screen/Screen1View.cpp:192:6:virtual void Screen1View::PlaceX9()	16	static
