../Core/Src/main.c:63:13:GPIO_RestoreAfterTouch	32	static
../Core/Src/main.c:98:13:GPIO_Output	40	static
../Core/Src/main.c:112:13:GPIO_Analog	40	static
../Core/Src/main.c:123:13:GPIO_Input	40	static
../Core/Src/main.c:134:17:ADC_Read	40	static
../Core/Src/main.c:154:10:TS_ReadPressure	16	static
../Core/Src/main.c:171:9:TS_IsTouched	16	static
../Core/Src/main.c:180:10:TS_ReadX	16	static
../Core/Src/main.c:194:10:TS_ReadY	16	static
../Core/Src/main.c:207:17:TS_ReadX_Avg	16	static
../Core/Src/main.c:218:17:TS_ReadY_Avg	16	static
../Core/Src/main.c:229:16:map_value	24	static
../Core/Src/main.c:241:9:TS_GetState	32	static
../Core/Src/main.c:331:5:main	8	static
../Core/Src/main.c:384:6:SystemClock_Config	88	static
../Core/Src/main.c:431:13:MX_ADC1_Init	24	static
../Core/Src/main.c:483:13:MX_CRC_Init	8	static
../Core/Src/main.c:509:13:MX_GPIO_Init	40	static
../Core/Src/main.c:579:6:Error_Handler	4	static,ignoring_inline_asm
