C:/Users/montanab/Inpser/LabBoot/Core/Src/main.c:64:5:__io_putchar	16	static
C:/Users/montanab/Inpser/LabBoot/Core/Src/main.c:70:6:JumpToBootloader	16	static,ignoring_inline_asm
C:/Users/montanab/Inpser/LabBoot/Core/Src/main.c:108:5:main	8	static
C:/Users/montanab/Inpser/LabBoot/Core/Src/main.c:155:6:SystemClock_Config	88	static
C:/Users/montanab/Inpser/LabBoot/Core/Src/main.c:202:13:MX_USART2_UART_Init	8	static
C:/Users/montanab/Inpser/LabBoot/Core/Src/main.c:235:13:MX_GPIO_Init	32	static
C:/Users/montanab/Inpser/LabBoot/Core/Src/main.c:268:6:Error_Handler	4	static,ignoring_inline_asm
