C:/Users/montanab/Inpser/LabBoot/Core/Src/main.c:64:5:__io_putchar	1
C:/Users/montanab/Inpser/LabBoot/Core/Src/main.c:70:6:JumpToBootloader	3
C:/Users/montanab/Inpser/LabBoot/Core/Src/main.c:108:5:main	1
C:/Users/montanab/Inpser/LabBoot/Core/Src/main.c:155:6:SystemClock_Config	3
C:/Users/montanab/Inpser/LabBoot/Core/Src/main.c:202:13:MX_USART2_UART_Init	2
C:/Users/montanab/Inpser/LabBoot/Core/Src/main.c:235:13:MX_GPIO_Init	1
C:/Users/montanab/Inpser/LabBoot/Core/Src/main.c:268:6:Error_Handler	1
