C:/Users/montanab/Inpser/LabAIHAR/Core/Src/main.c:81:13:AI_Init	2
C:/Users/montanab/Inpser/LabAIHAR/Core/Src/main.c:97:13:AI_Run	2
C:/Users/montanab/Inpser/LabAIHAR/Core/Src/main.c:114:17:argmax	3
C:/Users/montanab/Inpser/LabAIHAR/Core/Src/main.c:132:5:main	4
C:/Users/montanab/Inpser/LabAIHAR/Core/Src/main.c:207:6:SystemClock_Config	4
C:/Users/montanab/Inpser/LabAIHAR/Core/Src/main.c:258:13:MX_USART1_UART_Init	2
C:/Users/montanab/Inpser/LabAIHAR/Core/Src/main.c:293:13:MX_GPIO_Init	1
C:/Users/montanab/Inpser/LabAIHAR/Core/Src/main.c:320:13:MEMS_Init	2
C:/Users/montanab/Inpser/LabAIHAR/Core/Src/main.c:356:6:HAL_GPIO_EXTI_Callback	2
C:/Users/montanab/Inpser/LabAIHAR/Core/Src/main.c:363:5:_write	1
C:/Users/montanab/Inpser/LabAIHAR/Core/Src/main.c:374:6:Error_Handler	1
