../Drivers/Modules/USART/openbl_usart_cmd.c:54:25:OPENBL_USART_GetCommandsList	8	static
../Drivers/Modules/USART/openbl_usart_cmd.c:89:6:OPENBL_USART_SetCommandsList	16	static
../Drivers/Modules/USART/openbl_usart_cmd.c:98:6:OPENBL_USART_GetCommand	16	static
../Drivers/Modules/USART/openbl_usart_cmd.c:125:6:OPENBL_USART_GetVersion	8	static
../Drivers/Modules/USART/openbl_usart_cmd.c:144:6:OPENBL_USART_GetID	8	static
../Drivers/Modules/USART/openbl_usart_cmd.c:163:6:OPENBL_USART_ReadMemory	24	static
../Drivers/Modules/USART/openbl_usart_cmd.c:220:6:OPENBL_USART_WriteMemory	32	static
../Drivers/Modules/USART/openbl_usart_cmd.c:294:6:OPENBL_USART_Go	16	static
../Drivers/Modules/USART/openbl_usart_cmd.c:337:6:OPENBL_USART_ReadoutProtect	8	static
../Drivers/Modules/USART/openbl_usart_cmd.c:362:6:OPENBL_USART_ReadoutUnprotect	8	static
../Drivers/Modules/USART/openbl_usart_cmd.c:382:6:OPENBL_USART_EraseMemory	48	static
../Drivers/Modules/USART/openbl_usart_cmd.c:509:6:OPENBL_USART_WriteProtect	32	static
../Drivers/Modules/USART/openbl_usart_cmd.c:573:6:OPENBL_USART_WriteUnprotect	16	static
../Drivers/Modules/USART/openbl_usart_cmd.c:602:9:OPENBL_USART_GetAddress	24	static
../Drivers/Modules/USART/openbl_usart_cmd.c:642:6:OPENBL_USART_SpecialCommand	24	static
../Drivers/Modules/USART/openbl_usart_cmd.c:730:6:OPENBL_USART_ExtendedSpecialCommand	24	static
../Drivers/Modules/USART/openbl_usart_cmd.c:861:16:OPENBL_USART_ConstructCommandsTable	24	static
../Drivers/Modules/USART/openbl_usart_cmd.c:952:16:OPENBL_USART_GetSpecialCmdOpCode	24	static
